Component: ARM Compiler 5.06 update 7 (build 960) Tool: armlink [4d3601]

==============================================================================

Section Cross References

    main.o(i.C620_Key_Init) refers to stm32f4xx_hal_gpio.o(i.HAL_GPIO_Init) for HAL_GPIO_Init
    main.o(i.C620_Key_Update) refers to stm32f4xx_hal_gpio.o(i.HAL_GPIO_ReadPin) for HAL_GPIO_ReadPin
    main.o(i.C620_Key_Update) refers to stm32f4xx_hal.o(i.HAL_GetTick) for HAL_GetTick
    main.o(i.C620_Key_Update) refers to app_c620.o(i.APP_C620_NextSpeedLevel) for APP_C620_NextSpeedLevel
    main.o(i.C620_Key_Update) refers to main.o(.data) for .data
    main.o(i.SystemClock_Config) refers to stm32f4xx_hal_rcc.o(i.HAL_RCC_OscConfig) for HAL_RCC_OscConfig
    main.o(i.SystemClock_Config) refers to main.o(i._Error_Handler) for _Error_Handler
    main.o(i.SystemClock_Config) refers to stm32f4xx_hal_rcc.o(i.HAL_RCC_ClockConfig) for HAL_RCC_ClockConfig
    main.o(i.SystemClock_Config) refers to stm32f4xx_hal_rcc.o(i.HAL_RCC_GetHCLKFreq) for HAL_RCC_GetHCLKFreq
    main.o(i.SystemClock_Config) refers to stm32f4xx_hal_cortex.o(i.HAL_SYSTICK_Config) for HAL_SYSTICK_Config
    main.o(i.SystemClock_Config) refers to stm32f4xx_hal_cortex.o(i.HAL_SYSTICK_CLKSourceConfig) for HAL_SYSTICK_CLKSourceConfig
    main.o(i.SystemClock_Config) refers to stm32f4xx_hal_cortex.o(i.HAL_NVIC_SetPriority) for HAL_NVIC_SetPriority
    main.o(i.main) refers to stm32f4xx_hal.o(i.HAL_Init) for HAL_Init
    main.o(i.main) refers to main.o(i.SystemClock_Config) for SystemClock_Config
    main.o(i.main) refers to gpio.o(i.MX_GPIO_Init) for MX_GPIO_Init
    main.o(i.main) refers to dma.o(i.MX_DMA_Init) for MX_DMA_Init
    main.o(i.main) refers to spi.o(i.MX_SPI1_Init) for MX_SPI1_Init
    main.o(i.main) refers to spi.o(i.MX_SPI5_Init) for MX_SPI5_Init
    main.o(i.main) refers to usart.o(i.MX_USART1_UART_Init) for MX_USART1_UART_Init
    main.o(i.main) refers to usart.o(i.MX_USART6_UART_Init) for MX_USART6_UART_Init
    main.o(i.main) refers to tim.o(i.MX_TIM4_Init) for MX_TIM4_Init
    main.o(i.main) refers to tim.o(i.MX_TIM5_Init) for MX_TIM5_Init
    main.o(i.main) refers to tim.o(i.MX_TIM8_Init) for MX_TIM8_Init
    main.o(i.main) refers to adc.o(i.MX_ADC1_Init) for MX_ADC1_Init
    main.o(i.main) refers to can.o(i.MX_CAN1_Init) for MX_CAN1_Init
    main.o(i.main) refers to can.o(i.MX_CAN2_Init) for MX_CAN2_Init
    main.o(i.main) refers to sdio.o(i.MX_SDIO_SD_Init) for MX_SDIO_SD_Init
    main.o(i.main) refers to fatfs.o(i.MX_FATFS_Init) for MX_FATFS_Init
    main.o(i.main) refers to usb_device.o(i.MX_USB_DEVICE_Init) for MX_USB_DEVICE_Init
    main.o(i.main) refers to gpio.o(i.led_off) for led_off
    main.o(i.main) refers to bsp_imu.o(i.mpu_device_init) for mpu_device_init
    main.o(i.main) refers to bsp_imu.o(i.init_quaternion) for init_quaternion
    main.o(i.main) refers to bsp_uart.o(i.dbus_uart_init) for dbus_uart_init
    main.o(i.main) refers to bsp_can.o(i.can_filter_init) for can_filter_init
    main.o(i.main) refers to bsp_oled.o(i.oled_init) for oled_init
    main.o(i.main) refers to bsp_driver_sd.o(i.BSP_SD_Init) for BSP_SD_Init
    main.o(i.main) refers to bsp_oled.o(i.oled_clear) for oled_clear
    main.o(i.main) refers to bsp_oled.o(i.oled_LOGO) for oled_LOGO
    main.o(i.main) refers to bsp_oled.o(i.oled_refresh_gram) for oled_refresh_gram
    main.o(i.main) refers to main.o(i.C620_Key_Init) for C620_Key_Init
    main.o(i.main) refers to app_c620.o(i.APP_C620_Init) for APP_C620_Init
    main.o(i.main) refers to app_c620.o(i.APP_C620_SetSpeedLevel) for APP_C620_SetSpeedLevel
    main.o(i.main) refers to main.o(i.C620_Key_Update) for C620_Key_Update
    main.o(i.main) refers to app_c620.o(i.APP_C620_Update) for APP_C620_Update
    main.o(i.main) refers to stm32f4xx_hal.o(i.HAL_Delay) for HAL_Delay
    main.o(i.main) refers to can.o(.bss) for hcan1
    stm32f4xx_hal_msp.o(i.HAL_MspInit) refers to stm32f4xx_hal_cortex.o(i.HAL_NVIC_SetPriorityGrouping) for HAL_NVIC_SetPriorityGrouping
    stm32f4xx_hal_msp.o(i.HAL_MspInit) refers to stm32f4xx_hal_cortex.o(i.HAL_NVIC_SetPriority) for HAL_NVIC_SetPriority
    stm32f4xx_it.o(i.CAN1_RX0_IRQHandler) refers to stm32f4xx_hal_can.o(i.HAL_CAN_IRQHandler) for HAL_CAN_IRQHandler
    stm32f4xx_it.o(i.CAN1_RX0_IRQHandler) refers to can.o(.bss) for hcan1
    stm32f4xx_it.o(i.CAN1_RX1_IRQHandler) refers to stm32f4xx_hal_can.o(i.HAL_CAN_IRQHandler) for HAL_CAN_IRQHandler
    stm32f4xx_it.o(i.CAN1_RX1_IRQHandler) refers to can.o(.bss) for hcan1
    stm32f4xx_it.o(i.CAN2_RX0_IRQHandler) refers to stm32f4xx_hal_can.o(i.HAL_CAN_IRQHandler) for HAL_CAN_IRQHandler
    stm32f4xx_it.o(i.CAN2_RX0_IRQHandler) refers to can.o(.bss) for hcan2
    stm32f4xx_it.o(i.CAN2_RX1_IRQHandler) refers to stm32f4xx_hal_can.o(i.HAL_CAN_IRQHandler) for HAL_CAN_IRQHandler
    stm32f4xx_it.o(i.CAN2_RX1_IRQHandler) refers to can.o(.bss) for hcan2
[...]
    HAL_PCD_EP_Open                          0x080027dd   Thumb Code    84  stm32f4xx_hal_pcd.o(i.HAL_PCD_EP_Open)
    HAL_PCD_EP_Receive                       0x08002831   Thumb Code    66  stm32f4xx_hal_pcd.o(i.HAL_PCD_EP_Receive)
    HAL_PCD_EP_SetStall                      0x08002873   Thumb Code    96  stm32f4xx_hal_pcd.o(i.HAL_PCD_EP_SetStall)
    HAL_PCD_EP_Transmit                      0x080028d3   Thumb Code    66  stm32f4xx_hal_pcd.o(i.HAL_PCD_EP_Transmit)
    HAL_PCD_IRQHandler                       0x08002915   Thumb Code  1216  stm32f4xx_hal_pcd.o(i.HAL_PCD_IRQHandler)
    HAL_PCD_ISOINIncompleteCallback          0x08002e1d   Thumb Code     8  usbd_conf.o(i.HAL_PCD_ISOINIncompleteCallback)
    HAL_PCD_ISOOUTIncompleteCallback         0x08002e25   Thumb Code     8  usbd_conf.o(i.HAL_PCD_ISOOUTIncompleteCallback)
    HAL_PCD_Init                             0x08002e2d   Thumb Code   186  stm32f4xx_hal_pcd.o(i.HAL_PCD_Init)
    HAL_PCD_MspInit                          0x08002ee9   Thumb Code    92  usbd_conf.o(i.HAL_PCD_MspInit)
    HAL_PCD_ResetCallback                    0x08002f4d   Thumb Code    34  usbd_conf.o(i.HAL_PCD_ResetCallback)
    HAL_PCD_ResumeCallback                   0x08002f6f   Thumb Code     8  usbd_conf.o(i.HAL_PCD_ResumeCallback)
    HAL_PCD_SOFCallback                      0x08002f77   Thumb Code     8  usbd_conf.o(i.HAL_PCD_SOFCallback)
    HAL_PCD_SetAddress                       0x08002f7f   Thumb Code    36  stm32f4xx_hal_pcd.o(i.HAL_PCD_SetAddress)
    HAL_PCD_SetupStageCallback               0x08002fa3   Thumb Code    14  usbd_conf.o(i.HAL_PCD_SetupStageCallback)
    HAL_PCD_Start                            0x08002fb1   Thumb Code    42  stm32f4xx_hal_pcd.o(i.HAL_PCD_Start)
    HAL_PCD_SuspendCallback                  0x08002fdd   Thumb Code    44  usbd_conf.o(i.HAL_PCD_SuspendCallback)
    HAL_RCC_ClockConfig                      0x0800300d   Thumb Code   308  stm32f4xx_hal_rcc.o(i.HAL_RCC_ClockConfig)
    HAL_RCC_GetHCLKFreq                      0x08003151   Thumb Code     6  stm32f4xx_hal_rcc.o(i.HAL_RCC_GetHCLKFreq)
    HAL_RCC_GetPCLK1Freq                     0x0800315d   Thumb Code    22  stm32f4xx_hal_rcc.o(i.HAL_RCC_GetPCLK1Freq)
    HAL_RCC_GetPCLK2Freq                     0x0800317d   Thumb Code    22  stm32f4xx_hal_rcc.o(i.HAL_RCC_GetPCLK2Freq)
    HAL_RCC_GetSysClockFreq                  0x0800319d   Thumb Code    94  stm32f4xx_hal_rcc.o(i.HAL_RCC_GetSysClockFreq)
    HAL_RCC_OscConfig                        0x08003209   Thumb Code   896  stm32f4xx_hal_rcc.o(i.HAL_RCC_OscConfig)
    HAL_SD_AbortCallback                     0x08003599   Thumb Code     2  stm32f4xx_hal_sd.o(i.HAL_SD_AbortCallback)
    HAL_SD_ConfigWideBusOperation            0x0800359b   Thumb Code   162  stm32f4xx_hal_sd.o(i.HAL_SD_ConfigWideBusOperation)
    HAL_SD_ErrorCallback                     0x0800363d   Thumb Code     2  stm32f4xx_hal_sd.o(i.HAL_SD_ErrorCallback)
    HAL_SD_GetCardCSD                        0x0800363f   Thumb Code   478  stm32f4xx_hal_sd.o(i.HAL_SD_GetCardCSD)
    HAL_SD_GetCardInfo                       0x0800381d   Thumb Code    36  stm32f4xx_hal_sd.o(i.HAL_SD_GetCardInfo)
    HAL_SD_GetCardState                      0x08003841   Thumb Code    32  stm32f4xx_hal_sd.o(i.HAL_SD_GetCardState)
    HAL_SD_IRQHandler                        0x08003861   Thumb Code   410  stm32f4xx_hal_sd.o(i.HAL_SD_IRQHandler)
    HAL_SD_Init                              0x08003a05   Thumb Code    56  stm32f4xx_hal_sd.o(i.HAL_SD_Init)
    HAL_SD_InitCard                          0x08003a3d   Thumb Code   110  stm32f4xx_hal_sd.o(i.HAL_SD_InitCard)
    HAL_SD_MspInit                           0x08003ab1   Thumb Code   100  sdio.o(i.HAL_SD_MspInit)
    HAL_SD_ReadBlocks                        0x08003b25   Thumb Code   500  stm32f4xx_hal_sd.o(i.HAL_SD_ReadBlocks)
    HAL_SD_RxCpltCallback                    0x08003d19   Thumb Code     2  stm32f4xx_hal_sd.o(i.HAL_SD_RxCpltCallback)
    HAL_SD_TxCpltCallback                    0x08003d1b   Thumb Code     2  stm32f4xx_hal_sd.o(i.HAL_SD_TxCpltCallback)
    HAL_SD_WriteBlocks                       0x08003d1d   Thumb Code   456  stm32f4xx_hal_sd.o(i.HAL_SD_WriteBlocks)
    HAL_SPI_Init                             0x08003ee5   Thumb Code   130  stm32f4xx_hal_spi.o(i.HAL_SPI_Init)
    HAL_SPI_MspInit                          0x08003f69   Thumb Code   128  spi.o(i.HAL_SPI_MspInit)
    HAL_SPI_Transmit                         0x08004001   Thumb Code   380  stm32f4xx_hal_spi.o(i.HAL_SPI_Transmit)
    HAL_SPI_TransmitReceive                  0x0800417d   Thumb Code   474  stm32f4xx_hal_spi.o(i.HAL_SPI_TransmitReceive)
    HAL_SYSTICK_CLKSourceConfig              0x08004357   Thumb Code    28  stm32f4xx_hal_cortex.o(i.HAL_SYSTICK_CLKSourceConfig)
    HAL_SYSTICK_Callback                     0x08004373   Thumb Code     2  stm32f4xx_hal_cortex.o(i.HAL_SYSTICK_Callback)
    HAL_SYSTICK_Config                       0x08004375   Thumb Code    40  stm32f4xx_hal_cortex.o(i.HAL_SYSTICK_Config)
    HAL_SYSTICK_IRQHandler                   0x0800439d   Thumb Code     8  stm32f4xx_hal_cortex.o(i.HAL_SYSTICK_IRQHandler)
    HAL_TIMEx_ConfigBreakDeadTime            0x080043a5   Thumb Code    90  stm32f4xx_hal_tim_ex.o(i.HAL_TIMEx_ConfigBreakDeadTime)
    HAL_TIMEx_MasterConfigSynchronization    0x080043ff   Thumb Code    80  stm32f4xx_hal_tim_ex.o(i.HAL_TIMEx_MasterConfigSynchronization)
    HAL_TIM_MspPostInit                      0x08004451   Thumb Code   148  tim.o(i.HAL_TIM_MspPostInit)
    HAL_TIM_PWM_ConfigChannel                0x08004501   Thumb Code   218  stm32f4xx_hal_tim.o(i.HAL_TIM_PWM_ConfigChannel)
    HAL_TIM_PWM_Init                         0x080045db   Thumb Code    56  stm32f4xx_hal_tim.o(i.HAL_TIM_PWM_Init)
    HAL_TIM_PWM_MspInit                      0x08004615   Thumb Code   106  tim.o(i.HAL_TIM_PWM_MspInit)
    HAL_UART_DeInit                          0x08004691   Thumb Code    38  stm32f4xx_hal_uart.o(i.HAL_UART_DeInit)
    HAL_UART_ErrorCallback                   0x080046b7   Thumb Code     2  stm32f4xx_hal_uart.o(i.HAL_UART_ErrorCallback)
    HAL_UART_IDLE_IRQHandler                 0x080046b9   Thumb Code    18  usart.o(i.HAL_UART_IDLE_IRQHandler)
    HAL_UART_IRQHandler                      0x080046cd   Thumb Code   268  stm32f4xx_hal_uart.o(i.HAL_UART_IRQHandler)
    HAL_UART_Init                            0x080047dd   Thumb Code   100  stm32f4xx_hal_uart.o(i.HAL_UART_Init)
    HAL_UART_MspDeInit                       0x08004841   Thumb Code    82  usart.o(i.HAL_UART_MspDeInit)
    HAL_UART_MspInit                         0x080048a9   Thumb Code   310  usart.o(i.HAL_UART_MspInit)
    HAL_UART_Receive_IT                      0x08004a11   Thumb Code    76  stm32f4xx_hal_uart.o(i.HAL_UART_Receive_IT)
    HAL_UART_Receive_IT_IDLE                 0x08004a5d   Thumb Code    18  usart.o(i.HAL_UART_Receive_IT_IDLE)
    HAL_UART_RxCpltCallback                  0x08004a6f   Thumb Code     2  stm32f4xx_hal_uart.o(i.HAL_UART_RxCpltCallback)
    HAL_UART_Transmit_DMA                    0x08004a71   Thumb Code   126  stm32f4xx_hal_uart.o(i.HAL_UART_Transmit_DMA)
    HAL_UART_TxCpltCallback                  0x08004afd   Thumb Code     2  stm32f4xx_hal_uart.o(i.HAL_UART_TxCpltCallback)
    HAL_UART_TxHalfCpltCallback              0x08004aff   Thumb Code     2  stm32f4xx_hal_uart.o(i.HAL_UART_TxHalfCpltCallback)
    HardFault_Handler                        0x08004b01   Thumb Code     2  stm32f4xx_it.o(i.HardFault_Handler)
    MX_ADC1_Init                             0x08004b05   Thumb Code    84  adc.o(i.MX_ADC1_Init)
    MX_CAN1_Init                             0x08004b79   Thumb Code    66  can.o(i.MX_CAN1_Init)
    MX_CAN2_Init                             0x08004bd9   Thumb Code    66  can.o(i.MX_CAN2_Init)
    MX_DMA_Init                              0x08004c39   Thumb Code    72  dma.o(i.MX_DMA_Init)
    MX_FATFS_Init                            0x08004c85   Thumb Code    18  fatfs.o(i.MX_FATFS_Init)
    MX_GPIO_Init                             0x08004ca1   Thumb Code   212  gpio.o(i.MX_GPIO_Init)
    MX_SDIO_SD_Init                          0x08004d81   Thumb Code    22  sdio.o(i.MX_SDIO_SD_Init)
    MX_SPI1_Init                             0x08004da1   Thumb Code    66  spi.o(i.MX_SPI1_Init)
    MX_SPI5_Init                             0x08004e01   Thumb Code    66  spi.o(i.MX_SPI5_Init)
    MX_TIM4_Init                             0x08004e61   Thumb Code   166  tim.o(i.MX_TIM4_Init)
    MX_TIM5_Init                             0x08004f25   Thumb Code   166  tim.o(i.MX_TIM5_Init)
    MX_TIM8_Init                             0x08004fe9   Thumb Code   214  tim.o(i.MX_TIM8_Init)
    MX_USART1_UART_Init                      0x080050dd   Thumb Code    54  usart.o(i.MX_USART1_UART_Init)
    MX_USART6_UART_Init                      0x08005135   Thumb Code    52  usart.o(i.MX_USART6_UART_Init)
    MX_USB_DEVICE_Init                       0x08005185   Thumb Code    38  usb_device.o(i.MX_USB_DEVICE_Init)
    MemManage_Handler                        0x080051bd   Thumb Code     2  stm32f4xx_it.o(i.MemManage_Handler)
    NMI_Handler                              0x080051bf   Thumb Code     2  stm32f4xx_it.o(i.NMI_Handler)
    OTG_FS_IRQHandler                        0x080051e1   Thumb Code     6  stm32f4xx_it.o(i.OTG_FS_IRQHandler)
    PendSV_Handler                           0x08005277   Thumb Code     2  stm32f4xx_it.o(i.PendSV_Handler)
    SDIO_ConfigData                          0x08005279   Thumb Code    36  stm32f4xx_ll_sdmmc.o(i.SDIO_ConfigData)
    SDIO_GetCommandResponse                  0x0800529d   Thumb Code     6  stm32f4xx_ll_sdmmc.o(i.SDIO_GetCommandResponse)
    SDIO_GetPowerState                       0x080052a3   Thumb Code     8  stm32f4xx_ll_sdmmc.o(i.SDIO_GetPowerState)
    SDIO_GetResponse                         0x080052ab   Thumb Code    14  stm32f4xx_ll_sdmmc.o(i.SDIO_GetResponse)
    SDIO_IRQHandler                          0x080052b9   Thumb Code     6  stm32f4xx_it.o(i.SDIO_IRQHandler)
    SDIO_Init                                0x080052c5   Thumb Code    42  stm32f4xx_ll_sdmmc.o(i.SDIO_Init)
    SDIO_PowerState_ON                       0x080052ef   Thumb Code     8  stm32f4xx_ll_sdmmc.o(i.SDIO_PowerState_ON)
    SDIO_ReadFIFO                            0x080052f7   Thumb Code     6  stm32f4xx_ll_sdmmc.o(i.SDIO_ReadFIFO)
    SDIO_SendCommand                         0x080052fd   Thumb Code    32  stm32f4xx_ll_sdmmc.o(i.SDIO_SendCommand)
    SDIO_WriteFIFO                           0x0800531d   Thumb Code    10  stm32f4xx_ll_sdmmc.o(i.SDIO_WriteFIFO)
    SDMMC_CmdAppCommand                      0x08005327   Thumb Code    50  stm32f4xx_ll_sdmmc.o(i.SDMMC_CmdAppCommand)
    SDMMC_CmdAppOperCommand                  0x08005359   Thumb Code    46  stm32f4xx_ll_sdmmc.o(i.SDMMC_CmdAppOperCommand)
    SDMMC_CmdBlockLength                     0x0800538d   Thumb Code    50  stm32f4xx_ll_sdmmc.o(i.SDMMC_CmdBlockLength)
    SDMMC_CmdBusWidth                        0x080053bf   Thumb Code    50  stm32f4xx_ll_sdmmc.o(i.SDMMC_CmdBusWidth)
    SDMMC_CmdGoIdleState                     0x080053f1   Thumb Code    40  stm32f4xx_ll_sdmmc.o(i.SDMMC_CmdGoIdleState)
    SDMMC_CmdOperCond                        0x08005419   Thumb Code    48  stm32f4xx_ll_sdmmc.o(i.SDMMC_CmdOperCond)
    SDMMC_CmdReadMultiBlock                  0x08005449   Thumb Code    50  stm32f4xx_ll_sdmmc.o(i.SDMMC_CmdReadMultiBlock)
    SDMMC_CmdReadSingleBlock                 0x0800547b   Thumb Code    50  stm32f4xx_ll_sdmmc.o(i.SDMMC_CmdReadSingleBlock)
    SDMMC_CmdSelDesel                        0x080054ad   Thumb Code    50  stm32f4xx_ll_sdmmc.o(i.SDMMC_CmdSelDesel)
    SDMMC_CmdSendCID                         0x080054df   Thumb Code    44  stm32f4xx_ll_sdmmc.o(i.SDMMC_CmdSendCID)
    SDMMC_CmdSendCSD                         0x0800550b   Thumb Code    44  stm32f4xx_ll_sdmmc.o(i.SDMMC_CmdSendCSD)
    SDMMC_CmdSendSCR                         0x08005537   Thumb Code    48  stm32f4xx_ll_sdmmc.o(i.SDMMC_CmdSendSCR)
    SDMMC_CmdSendStatus                      0x08005567   Thumb Code    50  stm32f4xx_ll_sdmmc.o(i.SDMMC_CmdSendStatus)
    SDMMC_CmdSetRelAdd                       0x08005599   Thumb Code    48  stm32f4xx_ll_sdmmc.o(i.SDMMC_CmdSetRelAdd)
    SDMMC_CmdStopTransfer                    0x080055c9   Thumb Code    46  stm32f4xx_ll_sdmmc.o(i.SDMMC_CmdStopTransfer)
    SDMMC_CmdWriteMultiBlock                 0x080055fd   Thumb Code    50  stm32f4xx_ll_sdmmc.o(i.SDMMC_CmdWriteMultiBlock)
    SDMMC_CmdWriteSingleBlock                0x0800562f   Thumb Code    50  stm32f4xx_ll_sdmmc.o(i.SDMMC_CmdWriteSingleBlock)
    SD_initialize                            0x08005da9   Thumb Code    28  sd_diskio.o(i.SD_initialize)
    SD_ioctl                                 0x08005dc9   Thumb Code    86  sd_diskio.o(i.SD_ioctl)
    SD_read                                  0x08005e25   Thumb Code    32  sd_diskio.o(i.SD_read)
    SD_status                                0x08005e45   Thumb Code     4  sd_diskio.o(i.SD_status)
    SD_write                                 0x08005e49   Thumb Code    32  sd_diskio.o(i.SD_write)
    SVC_Handler                              0x08005f21   Thumb Code     2  stm32f4xx_it.o(i.SVC_Handler)
    SysTick_Handler                          0x08005f23   Thumb Code    14  stm32f4xx_it.o(i.SysTick_Handler)
    SystemClock_Config                       0x08005f31   Thumb Code   162  main.o(i.SystemClock_Config)
    SystemInit                               0x08005ff1   Thumb Code    66  system_stm32f4xx.o(i.SystemInit)
    TIM_Base_SetConfig                       0x08006045   Thumb Code   152  stm32f4xx_hal_tim.o(i.TIM_Base_SetConfig)
    TIM_OC2_SetConfig                        0x08006169   Thumb Code    98  stm32f4xx_hal_tim.o(i.TIM_OC2_SetConfig)
    USART1_IRQHandler                        0x08006779   Thumb Code    18  stm32f4xx_it.o(i.USART1_IRQHandler)
    USART6_IRQHandler                        0x08006791   Thumb Code    18  stm32f4xx_it.o(i.USART6_IRQHandler)
    USBD_CDC_GetDeviceQualifierDescriptor    0x08006855   Thumb Code     8  usbd_cdc.o(i.USBD_CDC_GetDeviceQualifierDescriptor)
    USBD_CDC_ReceivePacket                   0x08006923   Thumb Code    50  usbd_cdc.o(i.USBD_CDC_ReceivePacket)
    USBD_CDC_RegisterInterface               0x08006955   Thumb Code    16  usbd_cdc.o(i.USBD_CDC_RegisterInterface)
    USBD_CDC_SetRxBuffer                     0x08006965   Thumb Code    12  usbd_cdc.o(i.USBD_CDC_SetRxBuffer)
    USBD_CDC_SetTxBuffer                     0x08006971   Thumb Code    16  usbd_cdc.o(i.USBD_CDC_SetTxBuffer)
    USBD_ClrClassConfig                      0x080069f9   Thumb Code    14  usbd_core.o(i.USBD_ClrClassConfig)
    USBD_CtlContinueRx                       0x08006a43   Thumb Code    16  usbd_ioreq.o(i.USBD_CtlContinueRx)
    USBD_CtlContinueSendData                 0x08006a53   Thumb Code    16  usbd_ioreq.o(i.USBD_CtlContinueSendData)
    USBD_CtlError                            0x08006a63   Thumb Code    24  usbd_ctlreq.o(i.USBD_CtlError)
    USBD_CtlPrepareRx                        0x08006a7b   Thumb Code    30  usbd_ioreq.o(i.USBD_CtlPrepareRx)
    USBD_CtlReceiveStatus                    0x08006a99   Thumb Code    22  usbd_ioreq.o(i.USBD_CtlReceiveStatus)
    USBD_CtlSendData                         0x08006aaf   Thumb Code    26  usbd_ioreq.o(i.USBD_CtlSendData)
    USBD_CtlSendStatus                       0x08006ac9   Thumb Code    22  usbd_ioreq.o(i.USBD_CtlSendStatus)
    USBD_FS_ConfigStrDescriptor              0x08006ae1   Thumb Code    32  usbd_desc.o(i.USBD_FS_ConfigStrDescriptor)
    USBD_FS_DeviceDescriptor                 0x08006b11   Thumb Code     8  usbd_desc.o(i.USBD_FS_DeviceDescriptor)
    USBD_FS_InterfaceStrDescriptor           0x08006b1d   Thumb Code    32  usbd_desc.o(i.USBD_FS_InterfaceStrDescriptor)
    USBD_FS_LangIDStrDescriptor              0x08006b51   Thumb Code     8  usbd_desc.o(i.USBD_FS_LangIDStrDescriptor)
    USBD_FS_ManufacturerStrDescriptor        0x08006b5d   Thumb Code    16  usbd_desc.o(i.USBD_FS_ManufacturerStrDescriptor)
    USBD_FS_ProductStrDescriptor             0x08006b85   Thumb Code    32  usbd_desc.o(i.USBD_FS_ProductStrDescriptor)
    USBD_FS_SerialStrDescriptor              0x08006bc1   Thumb Code    32  usbd_desc.o(i.USBD_FS_SerialStrDescriptor)
    USBD_GetString                           0x08006d8f   Thumb Code    60  usbd_ctlreq.o(i.USBD_GetString)
    USBD_Init                                0x08006dcb   Thumb Code    44  usbd_core.o(i.USBD_Init)
    USBD_LL_ClearStallEP                     0x08006df7   Thumb Code    44  usbd_conf.o(i.USBD_LL_ClearStallEP)
    USBD_LL_CloseEP                          0x08006e23   Thumb Code    44  usbd_conf.o(i.USBD_LL_CloseEP)
    USBD_LL_DataInStage                      0x08006e4f   Thumb Code   186  usbd_core.o(i.USBD_LL_DataInStage)
    USBD_LL_DataOutStage                     0x08006f09   Thumb Code   108  usbd_core.o(i.USBD_LL_DataOutStage)
    USBD_LL_DevConnected                     0x08006f75   Thumb Code     4  usbd_core.o(i.USBD_LL_DevConnected)
    USBD_LL_DevDisconnected                  0x08006f79   Thumb Code    22  usbd_core.o(i.USBD_LL_DevDisconnected)
    USBD_LL_GetRxDataSize                    0x08006f8f   Thumb Code     8  usbd_conf.o(i.USBD_LL_GetRxDataSize)
    USBD_LL_Init                             0x08006f99   Thumb Code   100  usbd_conf.o(i.USBD_LL_Init)
    USBD_LL_IsStallEP                        0x08007019   Thumb Code    32  usbd_conf.o(i.USBD_LL_IsStallEP)
    USBD_LL_IsoINIncomplete                  0x08007039   Thumb Code     4  usbd_core.o(i.USBD_LL_IsoINIncomplete)
    USBD_LL_IsoOUTIncomplete                 0x0800703d   Thumb Code     4  usbd_core.o(i.USBD_LL_IsoOUTIncomplete)
    USBD_LL_OpenEP                           0x08007041   Thumb Code    50  usbd_conf.o(i.USBD_LL_OpenEP)
    USBD_LL_PrepareReceive                   0x08007073   Thumb Code    44  usbd_conf.o(i.USBD_LL_PrepareReceive)
    USBD_LL_Reset                            0x0800709f   Thumb Code    64  usbd_core.o(i.USBD_LL_Reset)
    USBD_LL_Resume                           0x080070df   Thumb Code    12  usbd_core.o(i.USBD_LL_Resume)
    USBD_LL_SOF                              0x080070eb   Thumb Code    24  usbd_core.o(i.USBD_LL_SOF)
    USBD_LL_SetSpeed                         0x08007103   Thumb Code     6  usbd_core.o(i.USBD_LL_SetSpeed)
    USBD_LL_SetUSBAddress                    0x08007109   Thumb Code    44  usbd_conf.o(i.USBD_LL_SetUSBAddress)
    USBD_LL_SetupStage                       0x08007135   Thumb Code    90  usbd_core.o(i.USBD_LL_SetupStage)
    USBD_LL_StallEP                          0x0800718f   Thumb Code    44  usbd_conf.o(i.USBD_LL_StallEP)
    USBD_LL_Start                            0x080071bb   Thumb Code    44  usbd_conf.o(i.USBD_LL_Start)
    USBD_LL_Suspend                          0x080071e7   Thumb Code    16  usbd_core.o(i.USBD_LL_Suspend)
    USBD_LL_Transmit                         0x080071f7   Thumb Code    44  usbd_conf.o(i.USBD_LL_Transmit)
    USBD_ParseSetupRequest                   0x08007223   Thumb Code    40  usbd_ctlreq.o(i.USBD_ParseSetupRequest)
    USBD_RegisterClass                       0x0800724b   Thumb Code    18  usbd_core.o(i.USBD_RegisterClass)
    USBD_RunTestMode                         0x0800725d   Thumb Code     4  usbd_core.o(i.USBD_RunTestMode)
    USBD_SetClassConfig                      0x080072b5   Thumb Code    24  usbd_core.o(i.USBD_SetClassConfig)
    USBD_Start                               0x080073b5   Thumb Code    10  usbd_core.o(i.USBD_Start)
    USBD_StdDevReq                           0x080073bf   Thumb Code    74  usbd_ctlreq.o(i.USBD_StdDevReq)
    USBD_StdEPReq                            0x08007409   Thumb Code   288  usbd_ctlreq.o(i.USBD_StdEPReq)
    USBD_StdItfReq                           0x08007529   Thumb Code    68  usbd_ctlreq.o(i.USBD_StdItfReq)
    USB_ActivateEndpoint                     0x0800756d   Thumb Code   126  stm32f4xx_ll_usb.o(i.USB_ActivateEndpoint)
    USB_ActivateSetup                        0x080075f1   Thumb Code    52  stm32f4xx_ll_usb.o(i.USB_ActivateSetup)
    USB_CoreInit                             0x08007625   Thumb Code   110  stm32f4xx_ll_usb.o(i.USB_CoreInit)
    USB_DeactivateEndpoint                   0x080076d1   Thumb Code   198  stm32f4xx_ll_usb.o(i.USB_DeactivateEndpoint)
    USB_DevConnect                           0x0800779d   Thumb Code    24  stm32f4xx_ll_usb.o(i.USB_DevConnect)
    USB_DevDisconnect                        0x080077b5   Thumb Code    24  stm32f4xx_ll_usb.o(i.USB_DevDisconnect)
    USB_DevInit                              0x080077cd   Thumb Code   308  stm32f4xx_ll_usb.o(i.USB_DevInit)
    USB_DisableGlobalInt                     0x08007911   Thumb Code    12  stm32f4xx_ll_usb.o(i.USB_DisableGlobalInt)
    USB_EP0StartXfer                         0x0800791d   Thumb Code   322  stm32f4xx_ll_usb.o(i.USB_EP0StartXfer)
    USB_EP0_OutStart                         0x08007a65   Thumb Code    56  stm32f4xx_ll_usb.o(i.USB_EP0_OutStart)
    USB_EPClearStall                         0x08007a9d   Thumb Code   100  stm32f4xx_ll_usb.o(i.USB_EPClearStall)
    USB_EPSetStall                           0x08007b01   Thumb Code    94  stm32f4xx_ll_usb.o(i.USB_EPSetStall)
    USB_EPStartXfer                          0x08007b61   Thumb Code   566  stm32f4xx_ll_usb.o(i.USB_EPStartXfer)
    USB_EnableGlobalInt                      0x08007d9d   Thumb Code    12  stm32f4xx_ll_usb.o(i.USB_EnableGlobalInt)
    USB_FlushRxFifo                          0x08007da9   Thumb Code    28  stm32f4xx_ll_usb.o(i.USB_FlushRxFifo)
    USB_FlushTxFifo                          0x08007dc9   Thumb Code    32  stm32f4xx_ll_usb.o(i.USB_FlushTxFifo)
    USB_GetDevSpeed                          0x08007ded   Thumb Code    60  stm32f4xx_ll_usb.o(i.USB_GetDevSpeed)
    USB_GetMode                              0x08007e29   Thumb Code     8  stm32f4xx_ll_usb.o(i.USB_GetMode)
    USB_ReadDevAllInEpInterrupt              0x08007e31   Thumb Code    14  stm32f4xx_ll_usb.o(i.USB_ReadDevAllInEpInterrupt)
    USB_ReadDevAllOutEpInterrupt             0x08007e3f   Thumb Code    14  stm32f4xx_ll_usb.o(i.USB_ReadDevAllOutEpInterrupt)
    USB_ReadDevInEPInterrupt                 0x08007e4d   Thumb Code    30  stm32f4xx_ll_usb.o(i.USB_ReadDevInEPInterrupt)
    USB_ReadDevOutEPInterrupt                0x08007e6b   Thumb Code    16  stm32f4xx_ll_usb.o(i.USB_ReadDevOutEPInterrupt)
    USB_ReadInterrupts                       0x08007e7b   Thumb Code     8  stm32f4xx_ll_usb.o(i.USB_ReadInterrupts)
    USB_ReadPacket                           0x08007e83   Thumb Code    32  stm32f4xx_ll_usb.o(i.USB_ReadPacket)
    USB_SetCurrentMode                       0x08007ea3   Thumb Code    46  stm32f4xx_ll_usb.o(i.USB_SetCurrentMode)
    USB_SetDevAddress                        0x08007ed1   Thumb Code    30  stm32f4xx_ll_usb.o(i.USB_SetDevAddress)
    USB_SetDevSpeed                          0x08007eef   Thumb Code    14  stm32f4xx_ll_usb.o(i.USB_SetDevSpeed)
    USB_WritePacket                          0x08007efd   Thumb Code    40  stm32f4xx_ll_usb.o(i.USB_WritePacket)
    UsageFault_Handler                       0x08007f25   Thumb Code     2  stm32f4xx_it.o(i.UsageFault_Handler)
    _Error_Handler                           0x08007f27   Thumb Code     2  main.o(i._Error_Handler)
    __0sprintf                               0x08007f29   Thumb Code    34  printfa.o(i.__0sprintf)
    __1sprintf                               0x08007f29   Thumb Code     0  printfa.o(i.__0sprintf)
    __2sprintf                               0x08007f29   Thumb Code     0  printfa.o(i.__0sprintf)
    __c89sprintf                             0x08007f29   Thumb Code     0  printfa.o(i.__0sprintf)
    sprintf                                  0x08007f29   Thumb Code     0  printfa.o(i.__0sprintf)
    __hardfp_fabs                            0x08007f51   Thumb Code    20  fabs.o(i.__hardfp_fabs)
    __scatterload_copy                       0x08007f65   Thumb Code    14  handlers.o(i.__scatterload_copy)
    __scatterload_null                       0x08007f73   Thumb Code     2  handlers.o(i.__scatterload_null)
    __scatterload_zeroinit                   0x08007f75   Thumb Code    14  handlers.o(i.__scatterload_zeroinit)
    can_filter_init                          0x08008819   Thumb Code    98  bsp_can.o(i.can_filter_init)
    dbus_uart_init                           0x08008895   Thumb Code    32  bsp_uart.o(i.dbus_uart_init)
    dma_current_data_counter                 0x080088bd   Thumb Code     6  bsp_uart.o(i.dma_current_data_counter)
    free                                     0x080088c5   Thumb Code    76  malloc.o(i.free)
    init_quaternion                          0x08008915   Thumb Code   406  bsp_imu.o(i.init_quaternion)
    ist8310_init                             0x08008b11   Thumb Code   256  bsp_imu.o(i.ist8310_init)
    led_off                                  0x08008c8d   Thumb Code    28  gpio.o(i.led_off)
    main                                     0x08008cb1   Thumb Code   148  main.o(i.main)
    malloc                                   0x08008d4d   Thumb Code    92  malloc.o(i.malloc)
    mpu_device_init                          0x08008db9   Thumb Code    88  bsp_imu.o(i.mpu_device_init)
    mpu_offset_call                          0x08008ea9   Thumb Code   186  bsp_imu.o(i.mpu_offset_call)
    mpu_read_byte                            0x08008f69   Thumb Code    68  bsp_imu.o(i.mpu_read_byte)
    mpu_read_bytes                           0x08008fb9   Thumb Code    80  bsp_imu.o(i.mpu_read_bytes)
    mpu_set_accel_fsr                        0x08009015   Thumb Code    10  bsp_imu.o(i.mpu_set_accel_fsr)
    mpu_set_gyro_fsr                         0x0800901f   Thumb Code    10  bsp_imu.o(i.mpu_set_gyro_fsr)
    mpu_write_byte                           0x08009029   Thumb Code    72  bsp_imu.o(i.mpu_write_byte)
    oled_LOGO                                0x0800907d   Thumb Code   102  bsp_oled.o(i.oled_LOGO)
    oled_clear                               0x080090e9   Thumb Code    64  bsp_oled.o(i.oled_clear)
    oled_drawpoint                           0x0800912d   Thumb Code    72  bsp_oled.o(i.oled_drawpoint)
    oled_init                                0x08009179   Thumb Code   282  bsp_oled.o(i.oled_init)
    oled_refresh_gram                        0x08009299   Thumb Code    46  bsp_oled.o(i.oled_refresh_gram)
    oled_showchar                            0x080092f9   Thumb Code   124  bsp_oled.o(i.oled_showchar)
    oled_showstring                          0x08009379   Thumb Code    46  bsp_oled.o(i.oled_showstring)
    oled_write_byte                          0x080093a9   Thumb Code    40  bsp_oled.o(i.oled_write_byte)
    rc_callback_handler                      0x080093d9   Thumb Code   146  bsp_uart.o(i.rc_callback_handler)
    uart_receive_handler                     0x080094ab   Thumb Code    20  bsp_uart.o(i.uart_receive_handler)
    AHBPrescTable                            0x08009514   Data          16  system_stm32f4xx.o(.constdata)
    APBPrescTable                            0x08009524   Data           8  system_stm32f4xx.o(.constdata)
    SD_Driver                                0x0800952c   Data          20  sd_diskio.o(.constdata)
    asc2_1206                                0x08009554   Data        1140  bsp_oled.o(.constdata)
    LOGO_BMP                                 0x080099c8   Data        1024  bsp_oled.o(.constdata)
    Region$$Table$$Base                      0x08009dec   Number         0  anon$$obj.o(Region$$Table)
    Region$$Table$$Limit                     0x08009e0c   Number         0  anon$$obj.o(Region$$Table)
    SystemCoreClock                          0x20000008   Data           4  system_stm32f4xx.o(.data)
    retSD                                    0x20000010   Data           1  fatfs.o(.data)
    SDPath                                   0x20000011   Data           4  fatfs.o(.data)
    USBD_Interface_fops_FS                   0x20000018   Data          16  usbd_cdc_if.o(.data)
    SET_LineCoding                           0x20000028   Data           8  usbd_cdc_if.o(.data)
    FS_Desc                                  0x20000030   Data          28  usbd_desc.o(.data)
    USBD_LangIDDesc                          0x2000004c   Data           4  usbd_desc.o(.data)
    USBD_FS_DeviceDesc                       0x20000050   Data          18  usbd_desc.o(.data)
    id                                       0x20000066   Data           1  bsp_imu.o(.data)
    q0                                       0x20000068   Data           4  bsp_imu.o(.data)
    q1                                       0x2000006c   Data           4  bsp_imu.o(.data)
    q2                                       0x20000070   Data           4  bsp_imu.o(.data)
    q3                                       0x20000074   Data           4  bsp_imu.o(.data)
    exInt                                    0x20000078   Data           4  bsp_imu.o(.data)
    eyInt                                    0x2000007c   Data           4  bsp_imu.o(.data)
    ezInt                                    0x20000080   Data           4  bsp_imu.o(.data)
    last_update                              0x200000a8   Data           4  bsp_imu.o(.data)
    now_update                               0x200000ac   Data           4  bsp_imu.o(.data)
    ist_buff                                 0x200000b0   Data           6  bsp_imu.o(.data)
    can_rx_flag                              0x200000c4   Data           4  bsp_can.o(.data)
    uwTickFreq                               0x200000e8   Data           1  stm32f4xx_hal.o(.data)
    uwTickPrio                               0x200000ec   Data           4  stm32f4xx_hal.o(.data)
    uwTick                                   0x200000f0   Data           4  stm32f4xx_hal.o(.data)
    USBD_CDC_CfgHSDesc                       0x20000108   Data          67  usbd_cdc.o(.data)
    USBD_CDC_CfgFSDesc                       0x2000014c   Data          67  usbd_cdc.o(.data)
    USBD_CDC_OtherSpeedCfgDesc               0x20000190   Data          67  usbd_cdc.o(.data)
    USBD_CDC                                 0x200001d4   Data          56  usbd_cdc.o(.data)
    __microlib_freelist                      0x2000020c   Data           4  mvars.o(.data)
    __microlib_freelist_initialised          0x20000210   Data           4  mvars.o(.data)
    hspi1                                    0x20000214   Data          88  spi.o(.bss)
    hspi5                                    0x2000026c   Data          88  spi.o(.bss)
    huart1                                   0x200002c4   Data          64  usart.o(.bss)
    huart6                                   0x20000304   Data          64  usart.o(.bss)
    hdma_usart1_rx                           0x20000344   Data          96  usart.o(.bss)
    hdma_usart6_rx                           0x200003a4   Data          96  usart.o(.bss)
    hdma_usart6_tx                           0x20000404   Data          96  usart.o(.bss)
    htim2                                    0x20000464   Data          60  tim.o(.bss)
    htim4                                    0x200004a0   Data          60  tim.o(.bss)
    htim5                                    0x200004dc   Data          60  tim.o(.bss)
    htim8                                    0x20000518   Data          60  tim.o(.bss)
    hcan1                                    0x20000554   Data          40  can.o(.bss)
    hcan2                                    0x2000057c   Data          40  can.o(.bss)
    hadc1                                    0x200005a4   Data          72  adc.o(.bss)
    hsd                                      0x200005ec   Data         132  sdio.o(.bss)
    hUsbDeviceFS                             0x20000670   Data         548  usb_device.o(.bss)
    UserRxBufferFS                           0x20000894   Data        2048  usbd_cdc_if.o(.bss)
    UserTxBufferFS                           0x20001094   Data        2048  usbd_cdc_if.o(.bss)
    UART_RxBuffer                            0x20001894   Data        2048  usbd_cdc_if.o(.bss)
    hpcd_USB_OTG_FS                          0x20002094   Data        1008  usbd_conf.o(.bss)
    USBD_StrDesc                             0x20002484   Data         512  usbd_desc.o(.bss)
    imu                                      0x20002684   Data          52  bsp_imu.o(.bss)
    mpu_buff                                 0x200026b8   Data          14  bsp_imu.o(.bss)
    mpu_data                                 0x200026c6   Data          32  bsp_imu.o(.bss)
    dbus_buf                                 0x200026e6   Data          18  bsp_uart.o(.bss)
    rc                                       0x200026f8   Data          10  bsp_uart.o(.bss)
    RxData                                   0x20002702   Data          22  bsp_can.o(.bss)
    uwb_rx_data_buf                          0x20002718   Data          22  bsp_can.o(.bss)
    uwb_data                                 0x2000272e   Data          22  bsp_can.o(.bss)
    disk                                     0x20002bf4   Data          12  ff_gen_drv.o(.bss)
    __heap_base                              0x20002c00   Data           0  startup_stm32f427xx.o(HEAP)
    __heap_limit                             0x20002e00   Data           0  startup_stm32f427xx.o(HEAP)
    __initial_sp                             0x20003200   Data           0  startup_stm32f427xx.o(STACK)



==============================================================================

Memory Map of the image

  Image Entry point : 0x080001ad

  Load Region LR_IROM1 (Base: 0x08000000, Size: 0x0000a020, Max: 0x00200000, ABSOLUTE, COMPRESSED[0x00009eec])

    Execution Region ER_IROM1 (Exec base: 0x08000000, Load base: 0x08000000, Size: 0x00009e0c, Max: 0x00200000, ABSOLUTE)

    Exec Addr    Load Addr    Size         Type   Attr      Idx    E Section Name        Object

    0x08000000   0x08000000   0x000001ac   Data   RO          485    RESET               startup_stm32f427xx.o
    0x080001ac   0x080001ac   0x00000000   Code   RO         7293  * .ARM.Collect$$$$00000000  mc_w.l(entry.o)
    0x080001ac   0x080001ac   0x00000004   Code   RO         7636    .ARM.Collect$$$$00000001  mc_w.l(entry2.o)
    0x080001b0   0x080001b0   0x00000004   Code   RO         7639    .ARM.Collect$$$$00000004  mc_w.l(entry5.o)
    0x080001b4   0x080001b4   0x00000000   Code   RO         7641    .ARM.Collect$$$$00000008  mc_w.l(entry7b.o)
    0x080001b4   0x080001b4   0x00000000   Code   RO         7643    .ARM.Collect$$$$0000000A  mc_w.l(entry8b.o)
    0x080001b4   0x080001b4   0x00000008   Code   RO         7644    .ARM.Collect$$$$0000000B  mc_w.l(entry9a.o)
    0x080001bc   0x080001bc   0x00000004   Code   RO         7651    .ARM.Collect$$$$0000000E  mc_w.l(entry12b.o)
    0x080001c0   0x080001c0   0x00000000   Code   RO         7646    .ARM.Collect$$$$0000000F  mc_w.l(entry10a.o)
    0x080001c0   0x080001c0   0x00000000   Code   RO         7648    .ARM.Collect$$$$00000011  mc_w.l(entry11a.o)
    0x080001c0   0x080001c0   0x00000004   Code   RO         7637    .ARM.Collect$$$$00002712  mc_w.l(entry2.o)
    0x080001c4   0x080001c4   0x00000024   Code   RO          486    .text               startup_stm32f427xx.o
    0x080001e8   0x080001e8   0x00000062   Code   RO         7296    .text               mc_w.l(uldiv.o)
    0x0800024a   0x0800024a   0x00000024   Code   RO         7298    .text               mc_w.l(memcpya.o)
    0x0800026e   0x0800026e   0x00000024   Code   RO         7300    .text               mc_w.l(memseta.o)
    0x08000292   0x08000292   0x000000e4   Code   RO         7593    .text               mf_w.l(dmul.o)
    0x08000376   0x08000376   0x00000022   Code   RO         7595    .text               mf_w.l(dflti.o)
    0x08000398   0x08000398   0x00000030   Code   RO         7599    .text               mf_w.l(cdrcmple.o)
    0x080003c8   0x080003c8   0x0000002c   Code   RO         7655    .text               mc_w.l(uidiv.o)
    0x080003f4   0x080003f4   0x0000001e   Code   RO         7657    .text               mc_w.l(llshl.o)
    0x08000412   0x08000412   0x00000020   Code   RO         7659    .text               mc_w.l(llushr.o)
    0x08000432   0x08000432   0x00000000   Code   RO         7670    .text               mc_w.l(iusefp.o)
    0x08000432   0x08000432   0x000000ba   Code   RO         7673    .text               mf_w.l(depilogue.o)
    0x080004ec   0x080004ec   0x0000014e   Code   RO         7675    .text               mf_w.l(dadd.o)
    0x0800063a   0x0800063a   0x000000de   Code   RO         7677    .text               mf_w.l(ddiv.o)
    0x08000718   0x08000718   0x00000030   Code   RO         7683    .text               mf_w.l(dfixul.o)
    0x08000748   0x08000748   0x00000024   Code   RO         7687    .text               mc_w.l(init.o)
    0x0800076c   0x0800076c   0x00000024   Code   RO         7690    .text               mc_w.l(llsshr.o)
    0x08000790   0x08000790   0x00000056   Code   RO         7701    .text               mc_w.l(__dczerorl2.o)
    0x080007e6   0x080007e6   0x00000002   PAD
    0x080007e8   0x080007e8   0x0000012c   Code   RO         2341    i.ADC_Init          stm32f4xx_hal_adc.o
    0x08000914   0x08000914   0x0000008c   Code   RO         2031    i.APP_C620_GetMotorFeedback  app_c620.o
    0x080009a0   0x080009a0   0x00000044   Code   RO         2033    i.APP_C620_Init     app_c620.o
    0x080009e4   0x080009e4   0x00000020   Code   RO         2034    i.APP_C620_NextSpeedLevel  app_c620.o
    0x08000a04   0x08000a04   0x000000cc   Code   RO         2035    i.APP_C620_ProcessCanRx  app_c620.o
    0x08000ad0   0x08000ad0   0x0000003c   Code   RO         2036    i.APP_C620_SetMotorSpeed  app_c620.o
    0x08000b0c   0x08000b0c   0x00000020   Code   RO         2037    i.APP_C620_SetSpeedLevel  app_c620.o
    0x08000b2c   0x08000b2c   0x00000098   Code   RO         2038    i.APP_C620_Update   app_c620.o
    0x08000bc4   0x08000bc4   0x0000000c   Code   RO          957    i.BSP_SD_GetCardInfo  bsp_driver_sd.o
    0x08000bd0   0x08000bd0   0x00000018   Code   RO          958    i.BSP_SD_GetCardState  bsp_driver_sd.o
    0x08000be8   0x08000be8   0x00000030   Code   RO          961    i.BSP_SD_Init       bsp_driver_sd.o
    0x08000c18   0x08000c18   0x0000000c   Code   RO          962    i.BSP_SD_IsDetected  bsp_driver_sd.o
    0x08000c24   0x08000c24   0x00000020   Code   RO          963    i.BSP_SD_ReadBlocks  bsp_driver_sd.o
    0x08000c44   0x08000c44   0x00000020   Code   RO          965    i.BSP_SD_WriteBlocks  bsp_driver_sd.o
    0x08000c64   0x08000c64   0x00000002   Code   RO          300    i.BusFault_Handler  stm32f4xx_it.o
    0x08000c66   0x08000c66   0x00000002   PAD
    0x08000c68   0x08000c68   0x00000030   Code   RO         2039    i.C620_ClearFeedback  app_c620.o
    0x08000c98   0x08000c98   0x00000038   Code   RO            4    i.C620_Key_Init     main.o
    0x08000cd0   0x08000cd0   0x00000044   Code   RO            5    i.C620_Key_Update   main.o
    0x08000d14   0x08000d14   0x00000028   Code   RO         2040    i.C620_LimitFloat   app_c620.o
    0x08000d3c   0x08000d3c   0x00000016   Code   RO         2041    i.C620_LimitInt16   app_c620.o
    0x08000d52   0x08000d52   0x0000000a   Code   RO         2042    i.C620_MakeInt16    app_c620.o
    0x08000d5c   0x08000d5c   0x00000006   Code   RO         2043    i.C620_MakeUint16   app_c620.o
    0x08000d62   0x08000d62   0x00000002   PAD
    0x08000d64   0x08000d64   0x00000028   Code   RO         2044    i.C620_MotorIsOnline  app_c620.o
    0x08000d8c   0x08000d8c   0x0000001c   Code   RO         2045    i.C620_ResetPid     app_c620.o
    0x08000da8   0x08000da8   0x00000070   Code   RO         2046    i.C620_SendCurrents  app_c620.o
    0x08000e18   0x08000e18   0x00000090   Code   RO         2047    i.C620_SpeedPidCalc  app_c620.o
    0x08000ea8   0x08000ea8   0x0000011c   Code   RO         2048    i.C620_UpdateDisplay  app_c620.o
    0x08000fc4   0x08000fc4   0x0000000c   Code   RO          301    i.CAN1_RX0_IRQHandler  stm32f4xx_it.o
    0x08000fd0   0x08000fd0   0x0000000c   Code   RO          302    i.CAN1_RX1_IRQHandler  stm32f4xx_it.o
    0x08000fdc   0x08000fdc   0x0000000c   Code   RO          303    i.CAN2_RX0_IRQHandler  stm32f4xx_it.o
    0x08000fe8   0x08000fe8   0x0000000c   Code   RO          304    i.CAN2_RX1_IRQHandler  stm32f4xx_it.o
    0x08000ff4   0x08000ff4   0x0000001c   Code   RO         1112    i.CDC_Control_FS    usbd_cdc_if.o
    0x08001010   0x08001010   0x00000004   Code   RO         1113    i.CDC_DeInit_FS     usbd_cdc_if.o
    0x08001014   0x08001014   0x00000024   Code   RO         1114    i.CDC_Init_FS       usbd_cdc_if.o
    0x08001038   0x08001038   0x0000002c   Code   RO         1115    i.CDC_Receive_FS    usbd_cdc_if.o
    0x08001064   0x08001064   0x00000194   Code   RO         1117    i.ComPort_Config    usbd_cdc_if.o
    0x080011f8   0x080011f8   0x0000000c   Code   RO          305    i.DMA2_Stream1_IRQHandler  stm32f4xx_it.o
    0x08001204   0x08001204   0x0000000c   Code   RO          306    i.DMA2_Stream2_IRQHandler  stm32f4xx_it.o
    0x08001210   0x08001210   0x0000000c   Code   RO          307    i.DMA2_Stream6_IRQHandler  stm32f4xx_it.o
    0x0800121c   0x0800121c   0x0000002c   Code   RO         2877    i.DMA_CalcBaseAndBitshift  stm32f4xx_hal_dma.o
    0x08001248   0x08001248   0x00000078   Code   RO         2878    i.DMA_CheckFifoParam  stm32f4xx_hal_dma.o
    0x080012c0   0x080012c0   0x0000002a   Code   RO         2879    i.DMA_SetConfig     stm32f4xx_hal_dma.o
    0x080012ea   0x080012ea   0x00000002   Code   RO          308    i.DebugMon_Handler  stm32f4xx_it.o
    0x080012ec   0x080012ec   0x00000006   Code   RO         7161    i.FATFS_LinkDriver  ff_gen_drv.o
    0x080012f2   0x080012f2   0x00000002   PAD
    0x080012f4   0x080012f4   0x00000040   Code   RO         7162    i.FATFS_LinkDriverEx  ff_gen_drv.o
    0x08001334   0x08001334   0x0000015c   Code   RO         2343    i.HAL_ADC_ConfigChannel  stm32f4xx_hal_adc.o
    0x08001490   0x08001490   0x00000054   Code   RO         2352    i.HAL_ADC_Init      stm32f4xx_hal_adc.o
    0x080014e4   0x080014e4   0x00000044   Code   RO          747    i.HAL_ADC_MspInit   adc.o
    0x08001528   0x08001528   0x00000028   Code   RO         2509    i.HAL_CAN_ActivateNotification  stm32f4xx_hal_can.o
    0x08001550   0x08001550   0x000000e8   Code   RO         2510    i.HAL_CAN_AddTxMessage  stm32f4xx_hal_can.o
    0x08001638   0x08001638   0x00000110   Code   RO         2511    i.HAL_CAN_ConfigFilter  stm32f4xx_hal_can.o
    0x08001748   0x08001748   0x00000002   Code   RO         2514    i.HAL_CAN_ErrorCallback  stm32f4xx_hal_can.o
    0x0800174a   0x0800174a   0x00000114   Code   RO         2517    i.HAL_CAN_GetRxMessage  stm32f4xx_hal_can.o
    0x0800185e   0x0800185e   0x00000030   Code   RO         2519    i.HAL_CAN_GetTxMailboxesFreeLevel  stm32f4xx_hal_can.o
    0x0800188e   0x0800188e   0x000001fc   Code   RO         2521    i.HAL_CAN_IRQHandler  stm32f4xx_hal_can.o
    0x08001a8a   0x08001a8a   0x00000152   Code   RO         2522    i.HAL_CAN_Init      stm32f4xx_hal_can.o
    0x08001bdc   0x08001bdc   0x000000e8   Code   RO          698    i.HAL_CAN_MspInit   can.o
    0x08001cc4   0x08001cc4   0x00000002   Code   RO         2529    i.HAL_CAN_RxFifo0FullCallback  stm32f4xx_hal_can.o
    0x08001cc6   0x08001cc6   0x00000002   PAD
    0x08001cc8   0x08001cc8   0x000000a4   Code   RO         1633    i.HAL_CAN_RxFifo0MsgPendingCallback  bsp_can.o
    0x08001d6c   0x08001d6c   0x00000002   Code   RO         2531    i.HAL_CAN_RxFifo1FullCallback  stm32f4xx_hal_can.o
    0x08001d6e   0x08001d6e   0x00000002   Code   RO         2532    i.HAL_CAN_RxFifo1MsgPendingCallback  stm32f4xx_hal_can.o
    0x08001d70   0x08001d70   0x00000002   Code   RO         2533    i.HAL_CAN_SleepCallback  stm32f4xx_hal_can.o
    0x08001d72   0x08001d72   0x00000058   Code   RO         2534    i.HAL_CAN_Start     stm32f4xx_hal_can.o
    0x08001dca   0x08001dca   0x00000002   Code   RO         2536    i.HAL_CAN_TxMailbox0AbortCallback  stm32f4xx_hal_can.o
    0x08001dcc   0x08001dcc   0x00000002   Code   RO         2537    i.HAL_CAN_TxMailbox0CompleteCallback  stm32f4xx_hal_can.o
    0x08001dce   0x08001dce   0x00000002   Code   RO         2538    i.HAL_CAN_TxMailbox1AbortCallback  stm32f4xx_hal_can.o
    0x08001dd0   0x08001dd0   0x00000002   Code   RO         2539    i.HAL_CAN_TxMailbox1CompleteCallback  stm32f4xx_hal_can.o
    0x08001dd2   0x08001dd2   0x00000002   Code   RO         2540    i.HAL_CAN_TxMailbox2AbortCallback  stm32f4xx_hal_can.o
    0x08001dd4   0x08001dd4   0x00000002   Code   RO         2541    i.HAL_CAN_TxMailbox2CompleteCallback  stm32f4xx_hal_can.o
    0x08001dd6   0x08001dd6   0x00000002   Code   RO         2543    i.HAL_CAN_WakeUpFromRxMsgCallback  stm32f4xx_hal_can.o
    0x08001dd8   0x08001dd8   0x00000024   Code   RO         2881    i.HAL_DMA_Abort_IT  stm32f4xx_hal_dma.o
    0x08001dfc   0x08001dfc   0x0000005a   Code   RO         2882    i.HAL_DMA_DeInit    stm32f4xx_hal_dma.o
    0x08001e56   0x08001e56   0x00000002   PAD
    0x08001e58   0x08001e58   0x000001d0   Code   RO         2885    i.HAL_DMA_IRQHandler  stm32f4xx_hal_dma.o
    0x08002028   0x08002028   0x000000d4   Code   RO         2886    i.HAL_DMA_Init      stm32f4xx_hal_dma.o
    0x080020fc   0x080020fc   0x00000046   Code   RO         2889    i.HAL_DMA_Start     stm32f4xx_hal_dma.o
    0x08002142   0x08002142   0x00000078   Code   RO         2890    i.HAL_DMA_Start_IT  stm32f4xx_hal_dma.o
    0x080021ba   0x080021ba   0x00000002   PAD
    0x080021bc   0x080021bc   0x00000024   Code   RO         2162    i.HAL_Delay         stm32f4xx_hal.o
    0x080021e0   0x080021e0   0x0000015c   Code   RO         3310    i.HAL_GPIO_DeInit   stm32f4xx_hal_gpio.o
    0x0800233c   0x0800233c   0x000001e0   Code   RO         3313    i.HAL_GPIO_Init     stm32f4xx_hal_gpio.o
    0x0800251c   0x0800251c   0x0000000e   Code   RO         3315    i.HAL_GPIO_ReadPin  stm32f4xx_hal_gpio.o
    0x0800252a   0x0800252a   0x0000000e   Code   RO         3317    i.HAL_GPIO_WritePin  stm32f4xx_hal_gpio.o
    0x08002538   0x08002538   0x0000000c   Code   RO         2170    i.HAL_GetTick       stm32f4xx_hal.o
    0x08002544   0x08002544   0x00000010   Code   RO         2174    i.HAL_IncTick       stm32f4xx_hal.o
    0x08002554   0x08002554   0x00000034   Code   RO         2175    i.HAL_Init          stm32f4xx_hal.o
    0x08002588   0x08002588   0x00000044   Code   RO         2176    i.HAL_InitTick      stm32f4xx_hal.o
    0x080025cc   0x080025cc   0x00000058   Code   RO          272    i.HAL_MspInit       stm32f4xx_hal_msp.o
    0x08002624   0x08002624   0x00000016   Code   RO         2746    i.HAL_NVIC_DisableIRQ  stm32f4xx_hal_cortex.o
    0x0800263a   0x0800263a   0x00000016   Code   RO         2747    i.HAL_NVIC_EnableIRQ  stm32f4xx_hal_cortex.o
    0x08002650   0x08002650   0x00000040   Code   RO         2753    i.HAL_NVIC_SetPriority  stm32f4xx_hal_cortex.o
    0x08002690   0x08002690   0x00000024   Code   RO         2754    i.HAL_NVIC_SetPriorityGrouping  stm32f4xx_hal_cortex.o
    0x080026b4   0x080026b4   0x00000008   Code   RO         3591    i.HAL_PCDEx_SetRxFiFo  stm32f4xx_hal_pcd_ex.o
    0x080026bc   0x080026bc   0x00000042   Code   RO         3592    i.HAL_PCDEx_SetTxFiFo  stm32f4xx_hal_pcd_ex.o
    0x080026fe   0x080026fe   0x00000008   Code   RO         1176    i.HAL_PCD_ConnectCallback  usbd_conf.o
    0x08002706   0x08002706   0x00000012   Code   RO         1177    i.HAL_PCD_DataInStageCallback  usbd_conf.o
    0x08002718   0x08002718   0x00000014   Code   RO         1178    i.HAL_PCD_DataOutStageCallback  usbd_conf.o
    0x0800272c   0x0800272c   0x00000008   Code   RO         1179    i.HAL_PCD_DisconnectCallback  usbd_conf.o
    0x08002734   0x08002734   0x00000044   Code   RO         3385    i.HAL_PCD_EP_Close  stm32f4xx_hal_pcd.o
    0x08002778   0x08002778   0x00000050   Code   RO         3386    i.HAL_PCD_EP_ClrStall  stm32f4xx_hal_pcd.o
    0x080027c8   0x080027c8   0x00000014   Code   RO         3388    i.HAL_PCD_EP_GetRxCount  stm32f4xx_hal_pcd.o
    0x080027dc   0x080027dc   0x00000054   Code   RO         3389    i.HAL_PCD_EP_Open   stm32f4xx_hal_pcd.o
    0x08002830   0x08002830   0x00000042   Code   RO         3390    i.HAL_PCD_EP_Receive  stm32f4xx_hal_pcd.o
    0x08002872   0x08002872   0x00000060   Code   RO         3391    i.HAL_PCD_EP_SetStall  stm32f4xx_hal_pcd.o
    0x080028d2   0x080028d2   0x00000042   Code   RO         3392    i.HAL_PCD_EP_Transmit  stm32f4xx_hal_pcd.o
    0x08002914   0x08002914   0x00000508   Code   RO         3394    i.HAL_PCD_IRQHandler  stm32f4xx_hal_pcd.o
    0x08002e1c   0x08002e1c   0x00000008   Code   RO         1180    i.HAL_PCD_ISOINIncompleteCallback  usbd_conf.o
    0x08002e24   0x08002e24   0x00000008   Code   RO         1181    i.HAL_PCD_ISOOUTIncompleteCallback  usbd_conf.o
    0x08002e2c   0x08002e2c   0x000000ba   Code   RO         3397    i.HAL_PCD_Init      stm32f4xx_hal_pcd.o
    0x08002ee6   0x08002ee6   0x00000002   PAD
    0x08002ee8   0x08002ee8   0x00000064   Code   RO         1183    i.HAL_PCD_MspInit   usbd_conf.o
    0x08002f4c   0x08002f4c   0x00000022   Code   RO         1184    i.HAL_PCD_ResetCallback  usbd_conf.o
    0x08002f6e   0x08002f6e   0x00000008   Code   RO         1185    i.HAL_PCD_ResumeCallback  usbd_conf.o
    0x08002f76   0x08002f76   0x00000008   Code   RO         1186    i.HAL_PCD_SOFCallback  usbd_conf.o
    0x08002f7e   0x08002f7e   0x00000024   Code   RO         3403    i.HAL_PCD_SetAddress  stm32f4xx_hal_pcd.o
    0x08002fa2   0x08002fa2   0x0000000e   Code   RO         1187    i.HAL_PCD_SetupStageCallback  usbd_conf.o
    0x08002fb0   0x08002fb0   0x0000002a   Code   RO         3405    i.HAL_PCD_Start     stm32f4xx_hal_pcd.o
    0x08002fda   0x08002fda   0x00000002   PAD
    0x08002fdc   0x08002fdc   0x00000030   Code   RO         1188    i.HAL_PCD_SuspendCallback  usbd_conf.o
    0x0800300c   0x0800300c   0x00000144   Code   RO         3814    i.HAL_RCC_ClockConfig  stm32f4xx_hal_rcc.o
    0x08003150   0x08003150   0x0000000c   Code   RO         3819    i.HAL_RCC_GetHCLKFreq  stm32f4xx_hal_rcc.o
    0x0800315c   0x0800315c   0x00000020   Code   RO         3821    i.HAL_RCC_GetPCLK1Freq  stm32f4xx_hal_rcc.o
    0x0800317c   0x0800317c   0x00000020   Code   RO         3822    i.HAL_RCC_GetPCLK2Freq  stm32f4xx_hal_rcc.o
    0x0800319c   0x0800319c   0x0000006c   Code   RO         3823    i.HAL_RCC_GetSysClockFreq  stm32f4xx_hal_rcc.o
    0x08003208   0x08003208   0x00000390   Code   RO         3826    i.HAL_RCC_OscConfig  stm32f4xx_hal_rcc.o
    0x08003598   0x08003598   0x00000002   Code   RO         3982    i.HAL_SD_AbortCallback  stm32f4xx_hal_sd.o
    0x0800359a   0x0800359a   0x000000a2   Code   RO         3984    i.HAL_SD_ConfigWideBusOperation  stm32f4xx_hal_sd.o
    0x0800363c   0x0800363c   0x00000002   Code   RO         3987    i.HAL_SD_ErrorCallback  stm32f4xx_hal_sd.o
    0x0800363e   0x0800363e   0x000001de   Code   RO         3989    i.HAL_SD_GetCardCSD  stm32f4xx_hal_sd.o
    0x0800381c   0x0800381c   0x00000024   Code   RO         3990    i.HAL_SD_GetCardInfo  stm32f4xx_hal_sd.o
    0x08003840   0x08003840   0x00000020   Code   RO         3991    i.HAL_SD_GetCardState  stm32f4xx_hal_sd.o
    0x08003860   0x08003860   0x000001a4   Code   RO         3995    i.HAL_SD_IRQHandler  stm32f4xx_hal_sd.o
    0x08003a04   0x08003a04   0x00000038   Code   RO         3996    i.HAL_SD_Init       stm32f4xx_hal_sd.o
    0x08003a3c   0x08003a3c   0x00000074   Code   RO         3997    i.HAL_SD_InitCard   stm32f4xx_hal_sd.o
    0x08003ab0   0x08003ab0   0x00000074   Code   RO          813    i.HAL_SD_MspInit    sdio.o
    0x08003b24   0x08003b24   0x000001f4   Code   RO         4000    i.HAL_SD_ReadBlocks  stm32f4xx_hal_sd.o
    0x08003d18   0x08003d18   0x00000002   Code   RO         4003    i.HAL_SD_RxCpltCallback  stm32f4xx_hal_sd.o
    0x08003d1a   0x08003d1a   0x00000002   Code   RO         4004    i.HAL_SD_TxCpltCallback  stm32f4xx_hal_sd.o
    0x08003d1c   0x08003d1c   0x000001c8   Code   RO         4005    i.HAL_SD_WriteBlocks  stm32f4xx_hal_sd.o
    0x08003ee4   0x08003ee4   0x00000082   Code   RO         4247    i.HAL_SPI_Init      stm32f4xx_hal_spi.o
    0x08003f66   0x08003f66   0x00000002   PAD
    0x08003f68   0x08003f68   0x00000098   Code   RO          524    i.HAL_SPI_MspInit   spi.o
    0x08004000   0x08004000   0x0000017c   Code   RO         4255    i.HAL_SPI_Transmit  stm32f4xx_hal_spi.o
    0x0800417c   0x0800417c   0x000001da   Code   RO         4256    i.HAL_SPI_TransmitReceive  stm32f4xx_hal_spi.o
    0x08004356   0x08004356   0x0000001c   Code   RO         2756    i.HAL_SYSTICK_CLKSourceConfig  stm32f4xx_hal_cortex.o
    0x08004372   0x08004372   0x00000002   Code   RO         2757    i.HAL_SYSTICK_Callback  stm32f4xx_hal_cortex.o
    0x08004374   0x08004374   0x00000028   Code   RO         2758    i.HAL_SYSTICK_Config  stm32f4xx_hal_cortex.o
    0x0800439c   0x0800439c   0x00000008   Code   RO         2759    i.HAL_SYSTICK_IRQHandler  stm32f4xx_hal_cortex.o
    0x080043a4   0x080043a4   0x0000005a   Code   RO         5196    i.HAL_TIMEx_ConfigBreakDeadTime  stm32f4xx_hal_tim_ex.o
    0x080043fe   0x080043fe   0x00000050   Code   RO         5211    i.HAL_TIMEx_MasterConfigSynchronization  stm32f4xx_hal_tim_ex.o
    0x0800444e   0x0800444e   0x00000002   PAD
    0x08004450   0x08004450   0x000000b0   Code   RO          631    i.HAL_TIM_MspPostInit  tim.o
    0x08004500   0x08004500   0x000000da   Code   RO         4621    i.HAL_TIM_PWM_ConfigChannel  stm32f4xx_hal_tim.o
    0x080045da   0x080045da   0x00000038   Code   RO         4624    i.HAL_TIM_PWM_Init  stm32f4xx_hal_tim.o
    0x08004612   0x08004612   0x00000002   PAD
    0x08004614   0x08004614   0x0000007c   Code   RO          633    i.HAL_TIM_PWM_MspInit  tim.o
    0x08004690   0x08004690   0x00000026   Code   RO         5453    i.HAL_UART_DeInit   stm32f4xx_hal_uart.o
    0x080046b6   0x080046b6   0x00000002   Code   RO         5454    i.HAL_UART_ErrorCallback  stm32f4xx_hal_uart.o
    0x080046b8   0x080046b8   0x00000012   Code   RO          571    i.HAL_UART_IDLE_IRQHandler  usart.o
    0x080046ca   0x080046ca   0x00000002   PAD
    0x080046cc   0x080046cc   0x00000110   Code   RO         5457    i.HAL_UART_IRQHandler  stm32f4xx_hal_uart.o
    0x080047dc   0x080047dc   0x00000064   Code   RO         5458    i.HAL_UART_Init     stm32f4xx_hal_uart.o
    0x08004840   0x08004840   0x00000068   Code   RO          572    i.HAL_UART_MspDeInit  usart.o
    0x080048a8   0x080048a8   0x00000168   Code   RO          573    i.HAL_UART_MspInit  usart.o
    0x08004a10   0x08004a10   0x0000004c   Code   RO         5463    i.HAL_UART_Receive_IT  stm32f4xx_hal_uart.o
    0x08004a5c   0x08004a5c   0x00000012   Code   RO          574    i.HAL_UART_Receive_IT_IDLE  usart.o
    0x08004a6e   0x08004a6e   0x00000002   Code   RO         5464    i.HAL_UART_RxCpltCallback  stm32f4xx_hal_uart.o
    0x08004a70   0x08004a70   0x0000008c   Code   RO         5467    i.HAL_UART_Transmit_DMA  stm32f4xx_hal_uart.o
    0x08004afc   0x08004afc   0x00000002   Code   RO         5469    i.HAL_UART_TxCpltCallback  stm32f4xx_hal_uart.o
    0x08004afe   0x08004afe   0x00000002   Code   RO         5470    i.HAL_UART_TxHalfCpltCallback  stm32f4xx_hal_uart.o
    0x08004b00   0x08004b00   0x00000002   Code   RO          310    i.HardFault_Handler  stm32f4xx_it.o
    0x08004b02   0x08004b02   0x00000002   PAD
    0x08004b04   0x08004b04   0x00000074   Code   RO          748    i.MX_ADC1_Init      adc.o
    0x08004b78   0x08004b78   0x00000060   Code   RO          699    i.MX_CAN1_Init      can.o
    0x08004bd8   0x08004bd8   0x00000060   Code   RO          700    i.MX_CAN2_Init      can.o
    0x08004c38   0x08004c38   0x0000004c   Code   RO          788    i.MX_DMA_Init       dma.o
    0x08004c84   0x08004c84   0x0000001c   Code   RO          854    i.MX_FATFS_Init     fatfs.o
    0x08004ca0   0x08004ca0   0x000000e0   Code   RO          493    i.MX_GPIO_Init      gpio.o
    0x08004d80   0x08004d80   0x00000020   Code   RO          814    i.MX_SDIO_SD_Init   sdio.o
    0x08004da0   0x08004da0   0x00000060   Code   RO          525    i.MX_SPI1_Init      spi.o
    0x08004e00   0x08004e00   0x00000060   Code   RO          526    i.MX_SPI5_Init      spi.o
    0x08004e60   0x08004e60   0x000000c4   Code   RO          635    i.MX_TIM4_Init      tim.o
    0x08004f24   0x08004f24   0x000000c4   Code   RO          636    i.MX_TIM5_Init      tim.o
    0x08004fe8   0x08004fe8   0x000000f4   Code   RO          637    i.MX_TIM8_Init      tim.o
    0x080050dc   0x080050dc   0x00000058   Code   RO          575    i.MX_USART1_UART_Init  usart.o
    0x08005134   0x08005134   0x00000050   Code   RO          576    i.MX_USART6_UART_Init  usart.o
    0x08005184   0x08005184   0x00000038   Code   RO         1061    i.MX_USB_DEVICE_Init  usb_device.o
    0x080051bc   0x080051bc   0x00000002   Code   RO          311    i.MemManage_Handler  stm32f4xx_it.o
    0x080051be   0x080051be   0x00000002   Code   RO          312    i.NMI_Handler       stm32f4xx_it.o
    0x080051c0   0x080051c0   0x00000020   Code   RO         2760    i.NVIC_SetPriority  stm32f4xx_hal_cortex.o
    0x080051e0   0x080051e0   0x0000000c   Code   RO          313    i.OTG_FS_IRQHandler  stm32f4xx_it.o
    0x080051ec   0x080051ec   0x0000008a   Code   RO         3408    i.PCD_WriteEmptyTxFifo  stm32f4xx_hal_pcd.o
    0x08005276   0x08005276   0x00000002   Code   RO          314    i.PendSV_Handler    stm32f4xx_it.o
    0x08005278   0x08005278   0x00000024   Code   RO         6052    i.SDIO_ConfigData   stm32f4xx_ll_sdmmc.o
    0x0800529c   0x0800529c   0x00000006   Code   RO         6053    i.SDIO_GetCommandResponse  stm32f4xx_ll_sdmmc.o
    0x080052a2   0x080052a2   0x00000008   Code   RO         6056    i.SDIO_GetPowerState  stm32f4xx_ll_sdmmc.o
    0x080052aa   0x080052aa   0x0000000e   Code   RO         6057    i.SDIO_GetResponse  stm32f4xx_ll_sdmmc.o
    0x080052b8   0x080052b8   0x0000000c   Code   RO          315    i.SDIO_IRQHandler   stm32f4xx_it.o
    0x080052c4   0x080052c4   0x0000002a   Code   RO         6058    i.SDIO_Init         stm32f4xx_ll_sdmmc.o
    0x080052ee   0x080052ee   0x00000008   Code   RO         6060    i.SDIO_PowerState_ON  stm32f4xx_ll_sdmmc.o
    0x080052f6   0x080052f6   0x00000006   Code   RO         6061    i.SDIO_ReadFIFO     stm32f4xx_ll_sdmmc.o
    0x080052fc   0x080052fc   0x00000020   Code   RO         6062    i.SDIO_SendCommand  stm32f4xx_ll_sdmmc.o
    0x0800531c   0x0800531c   0x0000000a   Code   RO         6064    i.SDIO_WriteFIFO    stm32f4xx_ll_sdmmc.o
    0x08005326   0x08005326   0x00000032   Code   RO         6065    i.SDMMC_CmdAppCommand  stm32f4xx_ll_sdmmc.o
    0x08005358   0x08005358   0x00000034   Code   RO         6066    i.SDMMC_CmdAppOperCommand  stm32f4xx_ll_sdmmc.o
    0x0800538c   0x0800538c   0x00000032   Code   RO         6067    i.SDMMC_CmdBlockLength  stm32f4xx_ll_sdmmc.o
    0x080053be   0x080053be   0x00000032   Code   RO         6068    i.SDMMC_CmdBusWidth  stm32f4xx_ll_sdmmc.o
    0x080053f0   0x080053f0   0x00000028   Code   RO         6072    i.SDMMC_CmdGoIdleState  stm32f4xx_ll_sdmmc.o
    0x08005418   0x08005418   0x00000030   Code   RO         6074    i.SDMMC_CmdOperCond  stm32f4xx_ll_sdmmc.o
    0x08005448   0x08005448   0x00000032   Code   RO         6075    i.SDMMC_CmdReadMultiBlock  stm32f4xx_ll_sdmmc.o
    0x0800547a   0x0800547a   0x00000032   Code   RO         6076    i.SDMMC_CmdReadSingleBlock  stm32f4xx_ll_sdmmc.o
    0x080054ac   0x080054ac   0x00000032   Code   RO         6079    i.SDMMC_CmdSelDesel  stm32f4xx_ll_sdmmc.o
    0x080054de   0x080054de   0x0000002c   Code   RO         6080    i.SDMMC_CmdSendCID  stm32f4xx_ll_sdmmc.o
    0x0800550a   0x0800550a   0x0000002c   Code   RO         6081    i.SDMMC_CmdSendCSD  stm32f4xx_ll_sdmmc.o
    0x08005536   0x08005536   0x00000030   Code   RO         6082    i.SDMMC_CmdSendSCR  stm32f4xx_ll_sdmmc.o
    0x08005566   0x08005566   0x00000032   Code   RO         6083    i.SDMMC_CmdSendStatus  stm32f4xx_ll_sdmmc.o
    0x08005598   0x08005598   0x00000030   Code   RO         6084    i.SDMMC_CmdSetRelAdd  stm32f4xx_ll_sdmmc.o
    0x080055c8   0x080055c8   0x00000034   Code   RO         6086    i.SDMMC_CmdStopTransfer  stm32f4xx_ll_sdmmc.o
    0x080055fc   0x080055fc   0x00000032   Code   RO         6088    i.SDMMC_CmdWriteMultiBlock  stm32f4xx_ll_sdmmc.o
    0x0800562e   0x0800562e   0x00000032   Code   RO         6089    i.SDMMC_CmdWriteSingleBlock  stm32f4xx_ll_sdmmc.o
    0x08005660   0x08005660   0x00000034   Code   RO         6090    i.SDMMC_GetCmdError  stm32f4xx_ll_sdmmc.o
    0x08005694   0x08005694   0x00000124   Code   RO         6091    i.SDMMC_GetCmdResp1  stm32f4xx_ll_sdmmc.o
    0x080057b8   0x080057b8   0x00000050   Code   RO         6092    i.SDMMC_GetCmdResp2  stm32f4xx_ll_sdmmc.o
    0x08005808   0x08005808   0x00000044   Code   RO         6093    i.SDMMC_GetCmdResp3  stm32f4xx_ll_sdmmc.o
    0x0800584c   0x0800584c   0x0000008c   Code   RO         6094    i.SDMMC_GetCmdResp6  stm32f4xx_ll_sdmmc.o
    0x080058d8   0x080058d8   0x00000048   Code   RO         6095    i.SDMMC_GetCmdResp7  stm32f4xx_ll_sdmmc.o
    0x08005920   0x08005920   0x00000020   Code   RO          892    i.SD_CheckStatus    sd_diskio.o
    0x08005940   0x08005940   0x0000004a   Code   RO         4010    i.SD_DMARxAbort     stm32f4xx_hal_sd.o
    0x0800598a   0x0800598a   0x0000004a   Code   RO         4012    i.SD_DMATxAbort     stm32f4xx_hal_sd.o
    0x080059d4   0x080059d4   0x00000118   Code   RO         4013    i.SD_FindSCR        stm32f4xx_hal_sd.o
    0x08005aec   0x08005aec   0x000000e2   Code   RO         4014    i.SD_InitCard       stm32f4xx_hal_sd.o
    0x08005bce   0x08005bce   0x000000c4   Code   RO         4016    i.SD_PowerON        stm32f4xx_hal_sd.o
    0x08005c92   0x08005c92   0x00000022   Code   RO         4017    i.SD_Read_IT        stm32f4xx_hal_sd.o
    0x08005cb4   0x08005cb4   0x0000002e   Code   RO         4019    i.SD_SendStatus     stm32f4xx_hal_sd.o
    0x08005ce2   0x08005ce2   0x00000052   Code   RO         4020    i.SD_WideBus_Disable  stm32f4xx_hal_sd.o
    0x08005d34   0x08005d34   0x00000052   Code   RO         4021    i.SD_WideBus_Enable  stm32f4xx_hal_sd.o
    0x08005d86   0x08005d86   0x00000022   Code   RO         4022    i.SD_Write_IT       stm32f4xx_hal_sd.o
    0x08005da8   0x08005da8   0x00000020   Code   RO          893    i.SD_initialize     sd_diskio.o
    0x08005dc8   0x08005dc8   0x0000005c   Code   RO          894    i.SD_ioctl          sd_diskio.o
    0x08005e24   0x08005e24   0x00000020   Code   RO          895    i.SD_read           sd_diskio.o
    0x08005e44   0x08005e44   0x00000004   Code   RO          896    i.SD_status         sd_diskio.o
    0x08005e48   0x08005e48   0x00000020   Code   RO          897    i.SD_write          sd_diskio.o
    0x08005e68   0x08005e68   0x00000024   Code   RO         4271    i.SPI_CheckFlag_BSY  stm32f4xx_hal_spi.o
    0x08005e8c   0x08005e8c   0x00000094   Code   RO         4289    i.SPI_WaitFlagStateUntilTimeout  stm32f4xx_hal_spi.o
    0x08005f20   0x08005f20   0x00000002   Code   RO          316    i.SVC_Handler       stm32f4xx_it.o
    0x08005f22   0x08005f22   0x0000000e   Code   RO          317    i.SysTick_Handler   stm32f4xx_it.o
    0x08005f30   0x08005f30   0x000000c0   Code   RO            6    i.SystemClock_Config  main.o
    0x08005ff0   0x08005ff0   0x00000054   Code   RO          449    i.SystemInit        system_stm32f4xx.o
    0x08006044   0x08006044   0x000000c4   Code   RO         4639    i.TIM_Base_SetConfig  stm32f4xx_hal_tim.o
    0x08006108   0x08006108   0x00000060   Code   RO         4648    i.TIM_OC1_SetConfig  stm32f4xx_hal_tim.o
    0x08006168   0x08006168   0x0000006c   Code   RO         4649    i.TIM_OC2_SetConfig  stm32f4xx_hal_tim.o
    0x080061d4   0x080061d4   0x00000068   Code   RO         4650    i.TIM_OC3_SetConfig  stm32f4xx_hal_tim.o
    0x0800623c   0x0800623c   0x00000054   Code   RO         4651    i.TIM_OC4_SetConfig  stm32f4xx_hal_tim.o
    0x08006290   0x08006290   0x00000010   Code   RO         5471    i.UART_DMAAbortOnError  stm32f4xx_hal_uart.o
    0x080062a0   0x080062a0   0x0000004a   Code   RO         5472    i.UART_DMAError     stm32f4xx_hal_uart.o
    0x080062ea   0x080062ea   0x0000002e   Code   RO         5477    i.UART_DMATransmitCplt  stm32f4xx_hal_uart.o
    0x08006318   0x08006318   0x0000000a   Code   RO         5479    i.UART_DMATxHalfCplt  stm32f4xx_hal_uart.o
    0x08006322   0x08006322   0x0000001c   Code   RO         5481    i.UART_EndRxTransfer  stm32f4xx_hal_uart.o
    0x0800633e   0x0800633e   0x0000001a   Code   RO         5482    i.UART_EndTransmit_IT  stm32f4xx_hal_uart.o
    0x08006358   0x08006358   0x00000012   Code   RO         5483    i.UART_EndTxTransfer  stm32f4xx_hal_uart.o
    0x0800636a   0x0800636a   0x00000092   Code   RO         5484    i.UART_Receive_IT   stm32f4xx_hal_uart.o
    0x080063fc   0x080063fc   0x00000314   Code   RO         5485    i.UART_SetConfig    stm32f4xx_hal_uart.o
    0x08006710   0x08006710   0x00000066   Code   RO         5486    i.UART_Transmit_IT  stm32f4xx_hal_uart.o
    0x08006776   0x08006776   0x00000002   PAD
    0x08006778   0x08006778   0x00000018   Code   RO          318    i.USART1_IRQHandler  stm32f4xx_it.o
    0x08006790   0x08006790   0x00000018   Code   RO          319    i.USART6_IRQHandler  stm32f4xx_it.o
    0x080067a8   0x080067a8   0x00000016   Code   RO         6621    i.USBD_CDC_DataIn   usbd_cdc.o
    0x080067be   0x080067be   0x00000030   Code   RO         6622    i.USBD_CDC_DataOut  usbd_cdc.o
    0x080067ee   0x080067ee   0x0000003c   Code   RO         6623    i.USBD_CDC_DeInit   usbd_cdc.o
    0x0800682a   0x0800682a   0x0000002a   Code   RO         6624    i.USBD_CDC_EP0_RxReady  usbd_cdc.o
    0x08006854   0x08006854   0x0000000c   Code   RO         6625    i.USBD_CDC_GetDeviceQualifierDescriptor  usbd_cdc.o
    0x08006860   0x08006860   0x0000000c   Code   RO         6626    i.USBD_CDC_GetFSCfgDesc  usbd_cdc.o
    0x0800686c   0x0800686c   0x0000000c   Code   RO         6627    i.USBD_CDC_GetHSCfgDesc  usbd_cdc.o
    0x08006878   0x08006878   0x0000000c   Code   RO         6628    i.USBD_CDC_GetOtherSpeedCfgDesc  usbd_cdc.o
    0x08006884   0x08006884   0x0000009e   Code   RO         6629    i.USBD_CDC_Init     usbd_cdc.o
    0x08006922   0x08006922   0x00000032   Code   RO         6630    i.USBD_CDC_ReceivePacket  usbd_cdc.o
    0x08006954   0x08006954   0x00000010   Code   RO         6631    i.USBD_CDC_RegisterInterface  usbd_cdc.o
    0x08006964   0x08006964   0x0000000c   Code   RO         6632    i.USBD_CDC_SetRxBuffer  usbd_cdc.o
    0x08006970   0x08006970   0x00000010   Code   RO         6633    i.USBD_CDC_SetTxBuffer  usbd_cdc.o
    0x08006980   0x08006980   0x00000078   Code   RO         6634    i.USBD_CDC_Setup    usbd_cdc.o
    0x080069f8   0x080069f8   0x0000000e   Code   RO         6328    i.USBD_ClrClassConfig  usbd_core.o
    0x08006a06   0x08006a06   0x0000003c   Code   RO         6466    i.USBD_ClrFeature   usbd_ctlreq.o
    0x08006a42   0x08006a42   0x00000010   Code   RO         6561    i.USBD_CtlContinueRx  usbd_ioreq.o
    0x08006a52   0x08006a52   0x00000010   Code   RO         6562    i.USBD_CtlContinueSendData  usbd_ioreq.o
    0x08006a62   0x08006a62   0x00000018   Code   RO         6467    i.USBD_CtlError     usbd_ctlreq.o
    0x08006a7a   0x08006a7a   0x0000001e   Code   RO         6563    i.USBD_CtlPrepareRx  usbd_ioreq.o
    0x08006a98   0x08006a98   0x00000016   Code   RO         6564    i.USBD_CtlReceiveStatus  usbd_ioreq.o
    0x08006aae   0x08006aae   0x0000001a   Code   RO         6565    i.USBD_CtlSendData  usbd_ioreq.o
    0x08006ac8   0x08006ac8   0x00000016   Code   RO         6566    i.USBD_CtlSendStatus  usbd_ioreq.o
    0x08006ade   0x08006ade   0x00000002   PAD
    0x08006ae0   0x08006ae0   0x00000030   Code   RO         1365    i.USBD_FS_ConfigStrDescriptor  usbd_desc.o
    0x08006b10   0x08006b10   0x0000000c   Code   RO         1366    i.USBD_FS_DeviceDescriptor  usbd_desc.o
    0x08006b1c   0x08006b1c   0x00000034   Code   RO         1367    i.USBD_FS_InterfaceStrDescriptor  usbd_desc.o
    0x08006b50   0x08006b50   0x0000000c   Code   RO         1368    i.USBD_FS_LangIDStrDescriptor  usbd_desc.o
    0x08006b5c   0x08006b5c   0x00000028   Code   RO         1369    i.USBD_FS_ManufacturerStrDescriptor  usbd_desc.o
    0x08006b84   0x08006b84   0x0000003c   Code   RO         1370    i.USBD_FS_ProductStrDescriptor  usbd_desc.o
    0x08006bc0   0x08006bc0   0x00000034   Code   RO         1371    i.USBD_FS_SerialStrDescriptor  usbd_desc.o
    0x08006bf4   0x08006bf4   0x00000030   Code   RO         6468    i.USBD_GetConfig    usbd_ctlreq.o
    0x08006c24   0x08006c24   0x0000012e   Code   RO         6469    i.USBD_GetDescriptor  usbd_ctlreq.o
    0x08006d52   0x08006d52   0x00000014   Code   RO         6470    i.USBD_GetLen       usbd_ctlreq.o
    0x08006d66   0x08006d66   0x00000028   Code   RO         6471    i.USBD_GetStatus    usbd_ctlreq.o
    0x08006d8e   0x08006d8e   0x0000003c   Code   RO         6472    i.USBD_GetString    usbd_ctlreq.o
    0x08006dca   0x08006dca   0x0000002c   Code   RO         6330    i.USBD_Init         usbd_core.o
    0x08006df6   0x08006df6   0x0000002c   Code   RO         1189    i.USBD_LL_ClearStallEP  usbd_conf.o
    0x08006e22   0x08006e22   0x0000002c   Code   RO         1190    i.USBD_LL_CloseEP   usbd_conf.o
    0x08006e4e   0x08006e4e   0x000000ba   Code   RO         6331    i.USBD_LL_DataInStage  usbd_core.o
    0x08006f08   0x08006f08   0x0000006c   Code   RO         6332    i.USBD_LL_DataOutStage  usbd_core.o
    0x08006f74   0x08006f74   0x00000004   Code   RO         6333    i.USBD_LL_DevConnected  usbd_core.o
    0x08006f78   0x08006f78   0x00000016   Code   RO         6334    i.USBD_LL_DevDisconnected  usbd_core.o
    0x08006f8e   0x08006f8e   0x00000008   Code   RO         1194    i.USBD_LL_GetRxDataSize  usbd_conf.o
    0x08006f96   0x08006f96   0x00000002   PAD
    0x08006f98   0x08006f98   0x00000080   Code   RO         1195    i.USBD_LL_Init      usbd_conf.o
    0x08007018   0x08007018   0x00000020   Code   RO         1196    i.USBD_LL_IsStallEP  usbd_conf.o
    0x08007038   0x08007038   0x00000004   Code   RO         6335    i.USBD_LL_IsoINIncomplete  usbd_core.o
    0x0800703c   0x0800703c   0x00000004   Code   RO         6336    i.USBD_LL_IsoOUTIncomplete  usbd_core.o
    0x08007040   0x08007040   0x00000032   Code   RO         1197    i.USBD_LL_OpenEP    usbd_conf.o
    0x08007072   0x08007072   0x0000002c   Code   RO         1198    i.USBD_LL_PrepareReceive  usbd_conf.o
    0x0800709e   0x0800709e   0x00000040   Code   RO         6337    i.USBD_LL_Reset     usbd_core.o
    0x080070de   0x080070de   0x0000000c   Code   RO         6338    i.USBD_LL_Resume    usbd_core.o
    0x080070ea   0x080070ea   0x00000018   Code   RO         6339    i.USBD_LL_SOF       usbd_core.o
    0x08007102   0x08007102   0x00000006   Code   RO         6340    i.USBD_LL_SetSpeed  usbd_core.o
    0x08007108   0x08007108   0x0000002c   Code   RO         1199    i.USBD_LL_SetUSBAddress  usbd_conf.o
    0x08007134   0x08007134   0x0000005a   Code   RO         6341    i.USBD_LL_SetupStage  usbd_core.o
    0x0800718e   0x0800718e   0x0000002c   Code   RO         1200    i.USBD_LL_StallEP   usbd_conf.o
    0x080071ba   0x080071ba   0x0000002c   Code   RO         1201    i.USBD_LL_Start     usbd_conf.o
    0x080071e6   0x080071e6   0x00000010   Code   RO         6342    i.USBD_LL_Suspend   usbd_core.o
    0x080071f6   0x080071f6   0x0000002c   Code   RO         1203    i.USBD_LL_Transmit  usbd_conf.o
    0x08007222   0x08007222   0x00000028   Code   RO         6473    i.USBD_ParseSetupRequest  usbd_ctlreq.o
    0x0800724a   0x0800724a   0x00000012   Code   RO         6343    i.USBD_RegisterClass  usbd_core.o
    0x0800725c   0x0800725c   0x00000004   Code   RO         6344    i.USBD_RunTestMode  usbd_core.o
    0x08007260   0x08007260   0x00000054   Code   RO         6474    i.USBD_SetAddress   usbd_ctlreq.o
    0x080072b4   0x080072b4   0x00000018   Code   RO         6345    i.USBD_SetClassConfig  usbd_core.o
    0x080072cc   0x080072cc   0x000000c4   Code   RO         6475    i.USBD_SetConfig    usbd_ctlreq.o
    0x08007390   0x08007390   0x00000024   Code   RO         6476    i.USBD_SetFeature   usbd_ctlreq.o
    0x080073b4   0x080073b4   0x0000000a   Code   RO         6346    i.USBD_Start        usbd_core.o
    0x080073be   0x080073be   0x0000004a   Code   RO         6477    i.USBD_StdDevReq    usbd_ctlreq.o
    0x08007408   0x08007408   0x00000120   Code   RO         6478    i.USBD_StdEPReq     usbd_ctlreq.o
    0x08007528   0x08007528   0x00000044   Code   RO         6479    i.USBD_StdItfReq    usbd_ctlreq.o
    0x0800756c   0x0800756c   0x00000084   Code   RO         5765    i.USB_ActivateEndpoint  stm32f4xx_ll_usb.o
    0x080075f0   0x080075f0   0x00000034   Code   RO         5766    i.USB_ActivateSetup  stm32f4xx_ll_usb.o
    0x08007624   0x08007624   0x00000074   Code   RO         5768    i.USB_CoreInit      stm32f4xx_ll_usb.o
    0x08007698   0x08007698   0x00000038   Code   RO         5769    i.USB_CoreReset     stm32f4xx_ll_usb.o
    0x080076d0   0x080076d0   0x000000cc   Code   RO         5771    i.USB_DeactivateEndpoint  stm32f4xx_ll_usb.o
    0x0800779c   0x0800779c   0x00000018   Code   RO         5772    i.USB_DevConnect    stm32f4xx_ll_usb.o
    0x080077b4   0x080077b4   0x00000018   Code   RO         5773    i.USB_DevDisconnect  stm32f4xx_ll_usb.o
    0x080077cc   0x080077cc   0x00000144   Code   RO         5774    i.USB_DevInit       stm32f4xx_ll_usb.o
    0x08007910   0x08007910   0x0000000c   Code   RO         5775    i.USB_DisableGlobalInt  stm32f4xx_ll_usb.o
    0x0800791c   0x0800791c   0x00000148   Code   RO         5778    i.USB_EP0StartXfer  stm32f4xx_ll_usb.o
    0x08007a64   0x08007a64   0x00000038   Code   RO         5779    i.USB_EP0_OutStart  stm32f4xx_ll_usb.o
    0x08007a9c   0x08007a9c   0x00000064   Code   RO         5780    i.USB_EPClearStall  stm32f4xx_ll_usb.o
    0x08007b00   0x08007b00   0x0000005e   Code   RO         5781    i.USB_EPSetStall    stm32f4xx_ll_usb.o
    0x08007b5e   0x08007b5e   0x00000002   PAD
    0x08007b60   0x08007b60   0x0000023c   Code   RO         5782    i.USB_EPStartXfer   stm32f4xx_ll_usb.o
    0x08007d9c   0x08007d9c   0x0000000c   Code   RO         5783    i.USB_EnableGlobalInt  stm32f4xx_ll_usb.o
    0x08007da8   0x08007da8   0x00000020   Code   RO         5784    i.USB_FlushRxFifo   stm32f4xx_ll_usb.o
    0x08007dc8   0x08007dc8   0x00000024   Code   RO         5785    i.USB_FlushTxFifo   stm32f4xx_ll_usb.o
    0x08007dec   0x08007dec   0x0000003c   Code   RO         5787    i.USB_GetDevSpeed   stm32f4xx_ll_usb.o
    0x08007e28   0x08007e28   0x00000008   Code   RO         5789    i.USB_GetMode       stm32f4xx_ll_usb.o
    0x08007e30   0x08007e30   0x0000000e   Code   RO         5796    i.USB_ReadDevAllInEpInterrupt  stm32f4xx_ll_usb.o
    0x08007e3e   0x08007e3e   0x0000000e   Code   RO         5797    i.USB_ReadDevAllOutEpInterrupt  stm32f4xx_ll_usb.o
    0x08007e4c   0x08007e4c   0x0000001e   Code   RO         5798    i.USB_ReadDevInEPInterrupt  stm32f4xx_ll_usb.o
    0x08007e6a   0x08007e6a   0x00000010   Code   RO         5799    i.USB_ReadDevOutEPInterrupt  stm32f4xx_ll_usb.o
    0x08007e7a   0x08007e7a   0x00000008   Code   RO         5800    i.USB_ReadInterrupts  stm32f4xx_ll_usb.o
    0x08007e82   0x08007e82   0x00000020   Code   RO         5801    i.USB_ReadPacket    stm32f4xx_ll_usb.o
    0x08007ea2   0x08007ea2   0x0000002e   Code   RO         5803    i.USB_SetCurrentMode  stm32f4xx_ll_usb.o
    0x08007ed0   0x08007ed0   0x0000001e   Code   RO         5804    i.USB_SetDevAddress  stm32f4xx_ll_usb.o
    0x08007eee   0x08007eee   0x0000000e   Code   RO         5805    i.USB_SetDevSpeed   stm32f4xx_ll_usb.o
    0x08007efc   0x08007efc   0x00000028   Code   RO         5808    i.USB_WritePacket   stm32f4xx_ll_usb.o
    0x08007f24   0x08007f24   0x00000002   Code   RO          320    i.UsageFault_Handler  stm32f4xx_it.o
    0x08007f26   0x08007f26   0x00000002   Code   RO            7    i._Error_Handler    main.o
    0x08007f28   0x08007f28   0x00000028   Code   RO         7539    i.__0sprintf        mc_w.l(printfa.o)
    0x08007f50   0x08007f50   0x00000014   Code   RO         7275    i.__hardfp_fabs     m_wm.l(fabs.o)
    0x08007f64   0x08007f64   0x0000000e   Code   RO         7695    i.__scatterload_copy  mc_w.l(handlers.o)
    0x08007f72   0x08007f72   0x00000002   Code   RO         7696    i.__scatterload_null  mc_w.l(handlers.o)
    0x08007f74   0x08007f74   0x0000000e   Code   RO         7697    i.__scatterload_zeroinit  mc_w.l(handlers.o)
    0x08007f82   0x08007f82   0x00000002   PAD
    0x08007f84   0x08007f84   0x00000184   Code   RO         7544    i._fp_digits        mc_w.l(printfa.o)
    0x08008108   0x08008108   0x000006b4   Code   RO         7545    i._printf_core      mc_w.l(printfa.o)
    0x080087bc   0x080087bc   0x00000024   Code   RO         7546    i._printf_post_padding  mc_w.l(printfa.o)
    0x080087e0   0x080087e0   0x0000002e   Code   RO         7547    i._printf_pre_padding  mc_w.l(printfa.o)
    0x0800880e   0x0800880e   0x0000000a   Code   RO         7549    i._sputc            mc_w.l(printfa.o)
    0x08008818   0x08008818   0x0000007c   Code   RO         1634    i.can_filter_init   bsp_can.o
    0x08008894   0x08008894   0x00000028   Code   RO         1568    i.dbus_uart_init    bsp_uart.o
    0x080088bc   0x080088bc   0x00000006   Code   RO         1569    i.dma_current_data_counter  bsp_uart.o
    0x080088c2   0x080088c2   0x00000002   PAD
    0x080088c4   0x080088c4   0x00000050   Code   RO         7565    i.free              mc_w.l(malloc.o)
    0x08008914   0x08008914   0x000001fc   Code   RO         1435    i.init_quaternion   bsp_imu.o
    0x08008b10   0x08008b10   0x00000100   Code   RO         1438    i.ist8310_init      bsp_imu.o
    0x08008c10   0x08008c10   0x00000038   Code   RO         1439    i.ist_reg_read_by_mpu  bsp_imu.o
    0x08008c48   0x08008c48   0x00000042   Code   RO         1440    i.ist_reg_write_by_mpu  bsp_imu.o
    0x08008c8a   0x08008c8a   0x00000002   PAD
    0x08008c8c   0x08008c8c   0x00000024   Code   RO          494    i.led_off           gpio.o
    0x08008cb0   0x08008cb0   0x0000009c   Code   RO            8    i.main              main.o
    0x08008d4c   0x08008d4c   0x0000006c   Code   RO         7566    i.malloc            mc_w.l(malloc.o)
    0x08008db8   0x08008db8   0x00000060   Code   RO         1441    i.mpu_device_init   bsp_imu.o
    0x08008e18   0x08008e18   0x0000008e   Code   RO         1443    i.mpu_master_i2c_auto_read_config  bsp_imu.o
    0x08008ea6   0x08008ea6   0x00000002   PAD
    0x08008ea8   0x08008ea8   0x000000c0   Code   RO         1444    i.mpu_offset_call   bsp_imu.o
    0x08008f68   0x08008f68   0x00000050   Code   RO         1445    i.mpu_read_byte     bsp_imu.o
    0x08008fb8   0x08008fb8   0x0000005c   Code   RO         1446    i.mpu_read_bytes    bsp_imu.o
    0x08009014   0x08009014   0x0000000a   Code   RO         1447    i.mpu_set_accel_fsr  bsp_imu.o
    0x0800901e   0x0800901e   0x0000000a   Code   RO         1448    i.mpu_set_gyro_fsr  bsp_imu.o
    0x08009028   0x08009028   0x00000054   Code   RO         1449    i.mpu_write_byte    bsp_imu.o
    0x0800907c   0x0800907c   0x0000006c   Code   RO         1672    i.oled_LOGO         bsp_oled.o
    0x080090e8   0x080090e8   0x00000044   Code   RO         1673    i.oled_clear        bsp_oled.o
    0x0800912c   0x0800912c   0x0000004c   Code   RO         1677    i.oled_drawpoint    bsp_oled.o
    0x08009178   0x08009178   0x00000120   Code   RO         1678    i.oled_init         bsp_oled.o
    0x08009298   0x08009298   0x00000034   Code   RO         1681    i.oled_refresh_gram  bsp_oled.o
    0x080092cc   0x080092cc   0x0000002a   Code   RO         1682    i.oled_set_pos      bsp_oled.o
    0x080092f6   0x080092f6   0x00000002   PAD
    0x080092f8   0x080092f8   0x00000080   Code   RO         1683    i.oled_showchar     bsp_oled.o
    0x08009378   0x08009378   0x0000002e   Code   RO         1685    i.oled_showstring   bsp_oled.o
    0x080093a6   0x080093a6   0x00000002   PAD
    0x080093a8   0x080093a8   0x00000030   Code   RO         1686    i.oled_write_byte   bsp_oled.o
    0x080093d8   0x080093d8   0x00000092   Code   RO         1570    i.rc_callback_handler  bsp_uart.o
    0x0800946a   0x0800946a   0x00000040   Code   RO         1571    i.uart_receive_dma_no_it  bsp_uart.o
    0x080094aa   0x080094aa   0x00000014   Code   RO         1572    i.uart_receive_handler  bsp_uart.o
    0x080094be   0x080094be   0x00000002   PAD
    0x080094c0   0x080094c0   0x00000054   Code   RO         1573    i.uart_rx_idle_callback  bsp_uart.o
    0x08009514   0x08009514   0x00000010   Data   RO          450    .constdata          system_stm32f4xx.o
    0x08009524   0x08009524   0x00000008   Data   RO          451    .constdata          system_stm32f4xx.o
    0x0800952c   0x0800952c   0x00000014   Data   RO          898    .constdata          sd_diskio.o
    0x08009540   0x08009540   0x00000014   Data   RO         1451    .constdata          bsp_imu.o
    0x08009554   0x08009554   0x00000874   Data   RO         1688    .constdata          bsp_oled.o
    0x08009dc8   0x08009dc8   0x00000006   Data   RO         2050    .constdata          app_c620.o
    0x08009dce   0x08009dce   0x00000008   Data   RO         2892    .constdata          stm32f4xx_hal_dma.o
    0x08009dd6   0x08009dd6   0x00000002   PAD
    0x08009dd8   0x08009dd8   0x00000011   Data   RO         2051    .conststring        app_c620.o
    0x08009de9   0x08009de9   0x00000003   PAD
    0x08009dec   0x08009dec   0x00000020   Data   RO         7693    Region$$Table       anon$$obj.o


    Execution Region RW_IRAM1 (Exec base: 0x20000000, Load base: 0x08009e0c, Size: 0x00003200, Max: 0x00030000, ABSOLUTE, COMPRESSED[0x000000e0])

    Exec Addr    Load Addr    Size         Type   Attr      Idx    E Section Name        Object

    0x20000000   COMPRESSED   0x00000008   Data   RW            9    .data               main.o
    0x20000008   COMPRESSED   0x00000004   Data   RW          452    .data               system_stm32f4xx.o
    0x2000000c   COMPRESSED   0x00000004   Data   RW          702    .data               can.o
    0x20000010   COMPRESSED   0x00000005   Data   RW          858    .data               fatfs.o
    0x20000015   COMPRESSED   0x00000001   Data   RW          899    .data               sd_diskio.o
    0x20000016   COMPRESSED   0x00000002   PAD
    0x20000018   COMPRESSED   0x00000010   Data   RW         1120    .data               usbd_cdc_if.o
    0x20000028   COMPRESSED   0x00000008   Data   RW         1121    .data               usbd_cdc_if.o
    0x20000030   COMPRESSED   0x0000001c   Data   RW         1373    .data               usbd_desc.o
    0x2000004c   COMPRESSED   0x00000016   Data   RW         1374    .data               usbd_desc.o
    0x20000062   COMPRESSED   0x00000002   PAD
    0x20000064   COMPRESSED   0x00000060   Data   RW         1452    .data               bsp_imu.o
    0x200000c4   COMPRESSED   0x00000008   Data   RW         1637    .data               bsp_can.o
    0x200000cc   COMPRESSED   0x0000001c   Data   RW         2052    .data               app_c620.o
    0x200000e8   COMPRESSED   0x0000000c   Data   RW         2182    .data               stm32f4xx_hal.o
    0x200000f4   COMPRESSED   0x00000001   Data   RW         6480    .data               usbd_ctlreq.o
    0x200000f5   COMPRESSED   0x00000003   PAD
    0x200000f8   COMPRESSED   0x000000db   Data   RW         6636    .data               usbd_cdc.o
    0x200001d3   COMPRESSED   0x00000001   PAD
    0x200001d4   COMPRESSED   0x00000038   Data   RW         6637    .data               usbd_cdc.o
    0x2000020c   COMPRESSED   0x00000004   Data   RW         7661    .data               mc_w.l(mvars.o)
    0x20000210   COMPRESSED   0x00000004   Data   RW         7662    .data               mc_w.l(mvars.o)
    0x20000214        -       0x000000b0   Zero   RW          527    .bss                spi.o
    0x200002c4        -       0x000001a0   Zero   RW          577    .bss                usart.o
    0x20000464        -       0x000000f0   Zero   RW          638    .bss                tim.o
    0x20000554        -       0x00000050   Zero   RW          701    .bss                can.o
    0x200005a4        -       0x00000048   Zero   RW          749    .bss                adc.o
    0x200005ec        -       0x00000084   Zero   RW          815    .bss                sdio.o
    0x20000670        -       0x00000224   Zero   RW         1062    .bss                usb_device.o
    0x20000894        -       0x00001800   Zero   RW         1119    .bss                usbd_cdc_if.o
    0x20002094        -       0x000003f0   Zero   RW         1204    .bss                usbd_conf.o
    0x20002484        -       0x00000200   Zero   RW         1372    .bss                usbd_desc.o
    0x20002684        -       0x00000062   Zero   RW         1450    .bss                bsp_imu.o
    0x200026e6        -       0x0000001c   Zero   RW         1574    .bss                bsp_uart.o
    0x20002702        -       0x00000042   Zero   RW         1636    .bss                bsp_can.o
    0x20002744        -       0x00000400   Zero   RW         1687    .bss                bsp_oled.o
    0x20002b44        -       0x000000b0   Zero   RW         2049    .bss                app_c620.o
    0x20002bf4        -       0x0000000c   Zero   RW         7165    .bss                ff_gen_drv.o
    0x20002c00        -       0x00000200   Zero   RW          484    HEAP                startup_stm32f427xx.o
    0x20002e00        -       0x00000400   Zero   RW          483    STACK               startup_stm32f427xx.o


==============================================================================

Image component sizes


      Code (inc. data)   RO Data    RW Data    ZI Data      Debug   Object Name

       184         46          0          0         72       1745   adc.o
      1422        218         23         28        176      13530   app_c620.o
       288         56          0          8         66       2963   bsp_can.o
       160         26          0          0          0       4168   bsp_driver_sd.o
      1592        152         20         96         98      10271   bsp_imu.o
       856         38       2164          0       1024       7087   bsp_oled.o
       360         18          0          0         28       4339   bsp_uart.o
       424         84          0          4         80       2586   can.o
        76          4          0          0          0        838   dma.o
        28         10          0          5          0       1114   fatfs.o
        70          6          0          0         12       1723   ff_gen_drv.o
       260         20          0          0          0       1637   gpio.o
       474         56          0          8          0     804437   main.o
       224         16         20          1          0       4820   sd_diskio.o
       148         26          0          0        132       1705   sdio.o
       344         84          0          0        176       2450   spi.o
        36          8        428          0       1536        848   startup_stm32f427xx.o
       184         28          0         12          0       4761   stm32f4xx_hal.o
       732         26          0          0          0       2883   stm32f4xx_hal_adc.o
      1826          6          0          0          0      15621   stm32f4xx_hal_can.o
       254         14          0          0          0      33163   stm32f4xx_hal_cortex.o
      1198         14          8          0          0       8559   stm32f4xx_hal_dma.o
       856        102          0          0          0       4321   stm32f4xx_hal_gpio.o
        88          0          0          0          0        558   stm32f4xx_hal_msp.o
      2170         72          0          0          0      11629   stm32f4xx_hal_pcd.o
        74          0          0          0          0       1924   stm32f4xx_hal_pcd_ex.o
      1420         72          0          0          0       6380   stm32f4xx_hal_rcc.o
      3392         16          0          0          0      21022   stm32f4xx_hal_sd.o
      1168          0          0          0          0       5772   stm32f4xx_hal_spi.o
       862         80          0          0          0       6216   stm32f4xx_hal_tim.o
       170          0          0          0          0       2136   stm32f4xx_hal_tim_ex.o
      1888         26          0          0          0      14037   stm32f4xx_hal_uart.o
       186         66          0          0          0      10006   stm32f4xx_it.o
      1692         50          0          0          0      25119   stm32f4xx_ll_sdmmc.o
      2486         60          0          0          0      21710   stm32f4xx_ll_usb.o
        84         18         24          4          0       1259   system_stm32f4xx.o
       936        136          0          0        240       4215   tim.o
       668        134          0          0        416       4715   usart.o
        56         18          0          0        548       2487   usb_device.o
       592         22          0        275          0      12924   usbd_cdc.o
       516         72          0         24       6144       3951   usbd_cdc_if.o
       808         40          0          0       1008      15622   usbd_conf.o
       654          0          0          0          0      13289   usbd_core.o
      1340         30          0          1          0      11744   usbd_ctlreq.o
       276        116          0         50        512       5735   usbd_desc.o
       132          0          0          0          0       4700   usbd_ioreq.o

    ----------------------------------------------------------------------
     33700       2086       2724        524      12268    1142719   Object Totals
         0          0         32          0          0          0   (incl. Generated)
        46          0          5          8          0          0   (incl. Padding)

    ----------------------------------------------------------------------

      Code (inc. data)   RO Data    RW Data    ZI Data      Debug   Library Member Name

        20          0          0          0          0        124   fabs.o
        86          0          0          0          0          0   __dczerorl2.o
         0          0          0          0          0          0   entry.o
         0          0          0          0          0          0   entry10a.o
         0          0          0          0          0          0   entry11a.o
         4          0          0          0          0          0   entry12b.o
         8          4          0          0          0          0   entry2.o
         4          0          0          0          0          0   entry5.o
         0          0          0          0          0          0   entry7b.o
         0          0          0          0          0          0   entry8b.o
         8          4          0          0          0          0   entry9a.o
        30          0          0          0          0          0   handlers.o
        36          8          0          0          0         68   init.o
         0          0          0          0          0          0   iusefp.o
        30          0          0          0          0         68   llshl.o
        36          0          0          0          0         68   llsshr.o
        32          0          0          0          0         68   llushr.o
       188         20          0          0          0        160   malloc.o
        36          0          0          0          0         68   memcpya.o
        36          0          0          0          0        108   memseta.o
         0          0          0          8          0          0   mvars.o
      2236         86          0          0          0        532   printfa.o
        44          0          0          0          0         80   uidiv.o
        98          0          0          0          0         92   uldiv.o
        48          0          0          0          0         68   cdrcmple.o
       334          0          0          0          0        148   dadd.o
       222          0          0          0          0        100   ddiv.o
       186          0          0          0          0        176   depilogue.o
        48          0          0          0          0         68   dfixul.o
        34          0          0          0          0         76   dflti.o
       228          0          0          0          0         96   dmul.o

    ----------------------------------------------------------------------
      4036        122          0          8          0       2168   Library Totals
         4          0          0          0          0          0   (incl. Padding)

    ----------------------------------------------------------------------

      Code (inc. data)   RO Data    RW Data    ZI Data      Debug   Library Name

        20          0          0          0          0        124   m_wm.l
      2912        122          0          8          0       1312   mc_w.l
      1100          0          0          0          0        732   mf_w.l

    ----------------------------------------------------------------------
      4036        122          0          8          0       2168   Library Totals

    ----------------------------------------------------------------------

==============================================================================


      Code (inc. data)   RO Data    RW Data    ZI Data      Debug   

     37736       2208       2724        532      12268    1106079   Grand Totals
     37736       2208       2724        224      12268    1106079   ELF Image Totals (compressed)
     37736       2208       2724        224          0          0   ROM Totals

==============================================================================

    Total RO  Size (Code + RO Data)                40460 (  39.51kB)
    Total RW  Size (RW Data + ZI Data)             12800 (  12.50kB)
    Total ROM Size (Code + RO Data + RW Data)      40684 (  39.73kB)

==============================================================================

