<html>
<body>
<pre>
<h1>礦ision Build Log</h1>
<h2>Tool Versions:</h2>
IDE-Version: μVision V5.36.0.0
Copyright (C) 2021 ARM Ltd and ARM Germany GmbH. All rights reserved.
License Information: 11 DELL, 1, LIC=21E4T-RR3SJ-DY3V3-A6G23-2MW3U-6A94Q
 
Tool Versions:
Toolchain:       MDK-ARM Plus  Version: 5.36.0.0
Toolchain Path:  D:\keil\ARM\ARMCC\Bin
C Compiler:      Armcc.exe V5.06 update 7 (build 960)
Assembler:       Armasm.exe V5.06 update 7 (build 960)
Linker/Locator:  ArmLink.exe V5.06 update 7 (build 960)
Library Manager: ArmAr.exe V5.06 update 7 (build 960)
Hex Converter:   FromElf.exe V5.06 update 7 (build 960)
CPU DLL:         SARMCM3.DLL V5.36.0.0
Dialog DLL:      DCM.DLL V1.17.3.0
Target DLL:      Segger\JL2CM3.dll V2.99.40.0
Dialog DLL:      TCM.DLL V1.53.0.0
 
<h2>Project:</h2>
E:\我的\研究，工作相关\DNA\M3508驱动\RMA-MotorStack\MDK-ARM\RMA-MotorStack.uvprojx
Project File Date:  05/03/2026

<h2>Output:</h2>
*** Using Compiler 'V5.06 update 7 (build 960)', folder: 'D:\keil\ARM\ARMCC\Bin'
Rebuild target 'RMA-MotorStack'
assembling startup_stm32f427xx.s...
compiling stm32f4xx_hal_msp.c...
compiling usart.c...
compiling tim.c...
compiling adc.c...
compiling stm32f4xx_it.c...
compiling gpio.c...
compiling spi.c...
compiling dma.c...
compiling can.c...
compiling system_stm32f4xx.c...
compiling main.c...
compiling sd_diskio.c...
compiling bsp_driver_sd.c...
compiling sdio.c...
compiling bsp_can.c...
compiling bsp_uart.c...
compiling usbd_cdc_if.c...
compiling usbd_desc.c...
compiling fatfs.c...
compiling usb_device.c...
compiling usbd_conf.c...
compiling bsp_imu.c...
compiling stm32f4xx_hal_can.c...
compiling stm32f4xx_hal.c...
compiling app_rc.c...
compiling app_motor.c...
compiling sd_card.c...
compiling app_c620.c...
compiling app_imu.c...
compiling stm32f4xx_hal_adc.c...
compiling app_display.c...
compiling bsp_oled.c...
compiling app_uwb.c...
compiling stm32f4xx_hal_cortex.c...
compiling stm32f4xx_hal_flash_ramfunc.c...
compiling stm32f4xx_hal_dma.c...
compiling stm32f4xx_hal_pcd.c...
compiling stm32f4xx_hal_flash_ex.c...
compiling stm32f4xx_hal_dma_ex.c...
compiling stm32f4xx_hal_flash.c...
compiling stm32f4xx_hal_gpio.c...
compiling stm32f4xx_hal_pcd_ex.c...
compiling stm32f4xx_hal_pwr_ex.c...
compiling stm32f4xx_hal_pwr.c...
compiling stm32f4xx_hal_tim_ex.c...
compiling usbd_ctlreq.c...
compiling stm32f4xx_ll_sdmmc.c...
compiling usbd_core.c...
compiling stm32f4xx_hal_spi.c...
compiling stm32f4xx_ll_usb.c...
compiling stm32f4xx_hal_uart.c...
compiling stm32f4xx_hal_rcc_ex.c...
compiling stm32f4xx_hal_rcc.c...
compiling stm32f4xx_hal_sd.c...
compiling stm32f4xx_hal_tim.c...
compiling usbd_ioreq.c...
compiling unicode.c...
compiling diskio.c...
compiling ff_gen_drv.c...
compiling usbd_cdc.c...
compiling ff.c...
linking...
Program Size: Code=37736 RO-data=2724 RW-data=532 ZI-data=12268  
FromELF: creating hex file...
".\Output\RMA-MotorStack.axf" - 0 Error(s), 0 Warning(s).

<h2>Software Packages used:</h2>

Package Vendor: ARM
                https://www.keil.com/pack/ARM.CMSIS.6.2.0.pack
                ARM.CMSIS.6.2.0
                CMSIS (Common Microcontroller Software Interface Standard)
   * Component: CORE Version: 6.1.1

Package Vendor: Keil
                http://www.keil.com/pack/Keil.STM32F4xx_DFP.2.14.0.pack
                Keil.STM32F4xx_DFP.2.14.0
                STMicroelectronics STM32F4 Series Device Support, Drivers and Examples

<h2>Collection of Component include folders:</h2>
  .\RTE\_RMA-MotorStack
  D:\keil\Packs\ARM\CMSIS\6.2.0\CMSIS\Core\Include
  D:\keil\Packs\Keil\STM32F4xx_DFP\2.14.0\Drivers\CMSIS\Device\ST\STM32F4xx\Include

<h2>Collection of Component Files used:</h2>

   * Component: ARM::CMSIS:CORE:6.1.1
Build Time Elapsed:  00:00:32
</pre>
</body>
</html>
