*** Using Compiler 'V5.06 update 7 (build 960)', folder: 'D:\keil\ARM\ARMCC\Bin'
Build target 'RMA-MotorStack'
assembling startup_stm32f427xx.s...
compiling stm32f4xx_it.c...
compiling spi.c...
compiling can.c...
compiling dma.c...
compiling tim.c...
../Core/Src/tim.c(59): error:  #20: identifier "TIM_PSC_APB1" is undefined
    htim2.Init.Prescaler = TIM_PSC_APB1;
../Core/Src/tim.c(76): error:  #20: identifier "PWM_DEFAULT_DUTY" is undefined
    sConfigOC.Pulse = PWM_DEFAULT_DUTY;
../Core/Src/tim.c(109): error:  #20: identifier "TIM_PSC_APB1" is undefined
    htim4.Init.Prescaler = TIM_PSC_APB1;
../Core/Src/tim.c(126): error:  #20: identifier "PWM_DEFAULT_DUTY" is undefined
    sConfigOC.Pulse = PWM_DEFAULT_DUTY;
../Core/Src/tim.c(159): error:  #20: identifier "TIM_PSC_APB1" is undefined
    htim5.Init.Prescaler = TIM_PSC_APB1;
../Core/Src/tim.c(176): error:  #20: identifier "PWM_DEFAULT_DUTY" is undefined
    sConfigOC.Pulse = PWM_DEFAULT_DUTY;
../Core/Src/tim.c(210): error:  #20: identifier "TIM_PSC_APB2" is undefined
    htim8.Init.Prescaler = TIM_PSC_APB2;
../Core/Src/tim.c(228): error:  #20: identifier "PWM_DEFAULT_DUTY" is undefined
    sConfigOC.Pulse = PWM_DEFAULT_DUTY;
../Core/Src/tim.c: 0 warnings, 8 errors
compiling adc.c...
compiling system_stm32f4xx.c...
compiling gpio.c...
compiling stm32f4xx_hal_msp.c...
compiling usart.c...
compiling main.c...
compiling bsp_driver_sd.c...
compiling bsp_oled.c...
../BSP/bsp_oled.c(11): error:  #5: cannot open source input file "oled.h": No such file or directory
  #include "oled.h"
../BSP/bsp_oled.c: 0 warnings, 1 error
compiling bsp_can.c...
compiling fatfs.c...
compiling usbd_desc.c...
compiling sdio.c...
compiling usb_device.c...
compiling usbd_cdc_if.c...
../Core/Src/usbd_cdc_if.c(426): warning:  #223-D: function "HAL_UART_Receive_IT_IDLE" declared implicitly
  	HAL_UART_Receive_IT_IDLE(&huart6,UART_RxBuffer,2048);
../Core/Src/usbd_cdc_if.c: 1 warning, 0 errors
compiling sd_diskio.c...
compiling bsp_uart.c...
compiling bsp_imu.c...
compiling usbd_conf.c...
compiling sd_card.c...
compiling stm32f4xx_hal_cortex.c...
compiling app_display.c...
compiling bsp_sd.c...
compiling app_rc.c...
compiling app_uwb.c...
compiling app_imu.c...
compiling app_motor.c...
compiling stm32f4xx_hal.c...
compiling stm32f4xx_hal_adc.c...
compiling stm32f4xx_hal_can.c...
compiling stm32f4xx_hal_pcd_ex.c...
compiling stm32f4xx_hal_pwr_ex.c...
compiling stm32f4xx_hal_flash_ramfunc.c...
compiling stm32f4xx_hal_gpio.c...
compiling stm32f4xx_hal_dma_ex.c...
compiling stm32f4xx_hal_pcd.c...
compiling stm32f4xx_hal_rcc.c...
compiling stm32f4xx_hal_dma.c...
compiling stm32f4xx_hal_pwr.c...
compiling stm32f4xx_hal_flash.c...
compiling stm32f4xx_hal_flash_ex.c...
compiling stm32f4xx_hal_uart.c...
compiling stm32f4xx_hal_tim.c...
compiling usbd_ctlreq.c...
compiling usbd_core.c...
compiling usbd_ioreq.c...
compiling stm32f4xx_hal_tim_ex.c...
compiling stm32f4xx_ll_usb.c...
compiling usbd_cdc.c...
compiling stm32f4xx_hal_spi.c...
compiling stm32f4xx_hal_rcc_ex.c...
compiling stm32f4xx_hal_sd.c...
compiling diskio.c...
compiling ff_gen_drv.c...
compiling ff.c...
".\Output\RMA-MotorStack.axf" - 9 Error(s), 1 Warning(s).
Target not created.
Build Time Elapsed:  00:00:32
